{
  "ok": 36,
  "fail": 0,
  "skip": 0,
  "blocked": 0,
  "yaml": "/Users/lei/Movies/demo1/dramas/边荒盐妇/assets/seedream_batch_characters_A.yaml",
  "items": [
    {
      "status": "ok",
      "model": "doubao-seedream-5-0-lite-260128",
      "size": "1600x2848",
      "image_url": "https://ark-acg-cn-beijing.tos-cn-beijing.volces.com/doubao-seedream-5-0/02178531028354686f296e4c58ddf650991f54d763d292aae4458_0.jpeg?X-Tos-Algorithm=TOS4-HMAC-SHA256&X-Tos-Credential=AKLTYWJkZTExNjA1ZDUyNDc3YzhjNTM5OGIyNjBhNDcyOTQ%2F20260729%2Fcn-beijing%2Ftos%2Frequest&X-Tos-Date=20260729T073206Z&X-Tos-Expires=86400&X-Tos-Signature=465d2cc8dae86db15b6c1621255f41862e485949bdf17906408dccb8b55206b7&X-Tos-SignedHeaders=host",
      "all_urls": [
        "https://ark-acg-cn-beijing.tos-cn-beijing.volces.com/doubao-seedream-5-0/02178531028354686f296e4c58ddf650991f54d763d292aae4458_0.jpeg?X-Tos-Algorithm=TOS4-HMAC-SHA256&X-Tos-Credential=AKLTYWJkZTExNjA1ZDUyNDc3YzhjNTM5OGIyNjBhNDcyOTQ%2F20260729%2Fcn-beijing%2Ftos%2Frequest&X-Tos-Date=20260729T073206Z&X-Tos-Expires=86400&X-Tos-Signature=465d2cc8dae86db15b6c1621255f41862e485949bdf17906408dccb8b55206b7&X-Tos-SignedHeaders=host"
      ],
      "response_id": 1785310326,
      "elapsed_sec": 43.08,
      "usage": {
        "generated_images": 1,
        "output_tokens": 17800,
        "total_tokens": 17800
      },
      "archive_dir": "/Users/lei/Movies/demo1/dramas/边荒盐妇/assets",
      "saved": {
        "path": "/Users/lei/Movies/demo1/dramas/边荒盐妇/assets/looks/CHAR-001-L01.png",
        "bytes": 309760,
        "url": "https://ark-acg-cn-beijing.tos-cn-beijing.volces.com/doubao-seedream-5-0/02178531028354686f296e4c58ddf650991f54d763d292aae4458_0.jpeg?X-Tos-Algorithm=TOS4-HMAC-SHA256&X-Tos-Credential=AKLTYWJkZTExNjA1ZDUyNDc3YzhjNTM5OGIyNjBhNDcyOTQ%2F20260729%2Fcn-beijing%2Ftos%2Frequest&X-Tos-Date=20260729T073206Z&X-Tos-Expires=86400&X-Tos-Signature=465d2cc8dae86db15b6c1621255f41862e485949bdf17906408dccb8b55206b7&X-Tos-SignedHeaders=host"
      },
      "cdn_urls_json": "/Users/lei/Movies/demo1/dramas/边荒盐妇/assets/looks/cdn_urls.json",
      "id": "CHAR-001-L01",
      "output": "/Users/lei/Movies/demo1/dramas/边荒盐妇/assets/looks/CHAR-001-L01.png"
    },
    {
      "status": "ok",
      "model": "doubao-seedream-5-0-lite-260128",
      "size": "1600x2848",
      "image_url": "https://ark-acg-cn-beijing.tos-cn-beijing.volces.com/doubao-seedream-5-0/02178531033052832c07444f6b9785852ac2e524dc99e6c9abfe0_0.jpeg?X-Tos-Algorithm=TOS4-HMAC-SHA256&X-Tos-Credential=AKLTYWJkZTExNjA1ZDUyNDc3YzhjNTM5OGIyNjBhNDcyOTQ%2F20260729%2Fcn-beijing%2Ftos%2Frequest&X-Tos-Date=20260729T073251Z&X-Tos-Expires=86400&X-Tos-Signature=0ee78bfdb054469979d03be89c7ac9ee1805d752dad926501cf5d4a1626ec99b&X-Tos-SignedHeaders=host",
      "all_urls": [
        "https://ark-acg-cn-beijing.tos-cn-beijing.volces.com/doubao-seedream-5-0/02178531033052832c07444f6b9785852ac2e524dc99e6c9abfe0_0.jpeg?X-Tos-Algorithm=TOS4-HMAC-SHA256&X-Tos-Credential=AKLTYWJkZTExNjA1ZDUyNDc3YzhjNTM5OGIyNjBhNDcyOTQ%2F20260729%2Fcn-beijing%2Ftos%2Frequest&X-Tos-Date=20260729T073251Z&X-Tos-Expires=86400&X-Tos-Signature=0ee78bfdb054469979d03be89c7ac9ee1805d752dad926501cf5d4a1626ec99b&X-Tos-SignedHeaders=host"
      ],
      "response_id": 1785310371,
      "elapsed_sec": 40.88,
      "usage": {
        "generated_images": 1,
        "output_tokens": 17800,
        "total_tokens": 17800
      },
      "archive_dir": "/Users/lei/Movies/demo1/dramas/边荒盐妇/assets",
      "saved": {
        "path": "/Users/lei/Movies/demo1/dramas/边荒盐妇/assets/looks/CHAR-002-L01.png",
        "bytes": 404160,
        "url": "https://ark-acg-cn-beijing.tos-cn-beijing.volces.com/doubao-seedream-5-0/02178531033052832c07444f6b9785852ac2e524dc99e6c9abfe0_0.jpeg?X-Tos-Algorithm=TOS4-HMAC-SHA256&X-Tos-Credential=AKLTYWJkZTExNjA1ZDUyNDc3YzhjNTM5OGIyNjBhNDcyOTQ%2F20260729%2Fcn-beijing%2Ftos%2Frequest&X-Tos-Date=20260729T073251Z&X-Tos-Expires=86400&X-Tos-Signature=0ee78bfdb054469979d03be89c7ac9ee1805d752dad926501cf5d4a1626ec99b&X-Tos-SignedHeaders=host"
      },
      "cdn_urls_json": "/Users/lei/Movies/demo1/dramas/边荒盐妇/assets/looks/cdn_urls.json",
      "id": "CHAR-002-L01",
      "output": "/Users/lei/Movies/demo1/dramas/边荒盐妇/assets/looks/CHAR-002-L01.png"
    },
    {
      "status": "ok",
      "model": "doubao-seedream-5-0-lite-260128",
      "size": "1600x2848",
      "image_url": "https://ark-acg-cn-beijing.tos-cn-beijing.volces.com/doubao-seedream-5-0/02178531037426479be1521b480472bd1aa7097703cfa205396f6_0.jpeg?X-Tos-Algorithm=TOS4-HMAC-SHA256&X-Tos-Credential=AKLTYWJkZTExNjA1ZDUyNDc3YzhjNTM5OGIyNjBhNDcyOTQ%2F20260729%2Fcn-beijing%2Ftos%2Frequest&X-Tos-Date=20260729T073346Z&X-Tos-Expires=86400&X-Tos-Signature=5e790ab7754a95fac5613d185181d7edefa0a2249611e3b096807dede5679e50&X-Tos-SignedHeaders=host",
      "all_urls": [
        "https://ark-acg-cn-beijing.tos-cn-beijing.volces.com/doubao-seedream-5-0/02178531037426479be1521b480472bd1aa7097703cfa205396f6_0.jpeg?X-Tos-Algorithm=TOS4-HMAC-SHA256&X-Tos-Credential=AKLTYWJkZTExNjA1ZDUyNDc3YzhjNTM5OGIyNjBhNDcyOTQ%2F20260729%2Fcn-beijing%2Ftos%2Frequest&X-Tos-Date=20260729T073346Z&X-Tos-Expires=86400&X-Tos-Signature=5e790ab7754a95fac5613d185181d7edefa0a2249611e3b096807dede5679e50&X-Tos-SignedHeaders=host"
      ],
      "response_id": 1785310426,
      "elapsed_sec": 51.96,
      "usage": {
        "generated_images": 1,
        "output_tokens": 17800,
        "total_tokens": 17800
      },
      "archive_dir": "/Users/lei/Movies/demo1/dramas/边荒盐妇/assets",
      "saved": {
        "path": "/Users/lei/Movies/demo1/dramas/边荒盐妇/assets/looks/CHAR-003-L01.png",
        "bytes": 452964,
        "url": "https://ark-acg-cn-beijing.tos-cn-beijing.volces.com/doubao-seedream-5-0/02178531037426479be1521b480472bd1aa7097703cfa205396f6_0.jpeg?X-Tos-Algorithm=TOS4-HMAC-SHA256&X-Tos-Credential=AKLTYWJkZTExNjA1ZDUyNDc3YzhjNTM5OGIyNjBhNDcyOTQ%2F20260729%2Fcn-beijing%2Ftos%2Frequest&X-Tos-Date=20260729T073346Z&X-Tos-Expires=86400&X-Tos-Signature=5e790ab7754a95fac5613d185181d7edefa0a2249611e3b096807dede5679e50&X-Tos-SignedHeaders=host"
      },
      "cdn_urls_json": "/Users/lei/Movies/demo1/dramas/边荒盐妇/assets/looks/cdn_urls.json",
      "id": "CHAR-003-L01",
      "output": "/Users/lei/Movies/demo1/dramas/边荒盐妇/assets/looks/CHAR-003-L01.png"
    },
    {
      "status": "ok",
      "model": "doubao-seedream-5-0-lite-260128",
      "size": "1600x2848",
      "image_url": "https://ark-acg-cn-beijing.tos-cn-beijing.volces.com/doubao-seedream-5-0/0217853104286249626677ac03e7fc38de68a295138d5d1f310e1_0.jpeg?X-Tos-Algorithm=TOS4-HMAC-SHA256&X-Tos-Credential=AKLTYWJkZTExNjA1ZDUyNDc3YzhjNTM5OGIyNjBhNDcyOTQ%2F20260729%2Fcn-beijing%2Ftos%2Frequest&X-Tos-Date=20260729T073431Z&X-Tos-Expires=86400&X-Tos-Signature=dbd9c7b879bcd99eda29ea20a5b9b5ebcf3d6276e89e0a627d9219c9645cfacf&X-Tos-SignedHeaders=host",
      "all_urls": [
        "https://ark-acg-cn-beijing.tos-cn-beijing.volces.com/doubao-seedream-5-0/0217853104286249626677ac03e7fc38de68a295138d5d1f310e1_0.jpeg?X-Tos-Algorithm=TOS4-HMAC-SHA256&X-Tos-Credential=AKLTYWJkZTExNjA1ZDUyNDc3YzhjNTM5OGIyNjBhNDcyOTQ%2F20260729%2Fcn-beijing%2Ftos%2Frequest&X-Tos-Date=20260729T073431Z&X-Tos-Expires=86400&X-Tos-Signature=dbd9c7b879bcd99eda29ea20a5b9b5ebcf3d6276e89e0a627d9219c9645cfacf&X-Tos-SignedHeaders=host"
      ],
      "response_id": 1785310471,
      "elapsed_sec": 43.24,
      "usage": {
        "generated_images": 1,
        "output_tokens": 17800,
        "total_tokens": 17800
      },
      "archive_dir": "/Users/lei/Movies/demo1/dramas/边荒盐妇/assets",
      "saved": {
        "path": "/Users/lei/Movies/demo1/dramas/边荒盐妇/assets/looks/CHAR-004-L01.png",
        "bytes": 326081,
        "url": "https://ark-acg-cn-beijing.tos-cn-beijing.volces.com/doubao-seedream-5-0/0217853104286249626677ac03e7fc38de68a295138d5d1f310e1_0.jpeg?X-Tos-Algorithm=TOS4-HMAC-SHA256&X-Tos-Credential=AKLTYWJkZTExNjA1ZDUyNDc3YzhjNTM5OGIyNjBhNDcyOTQ%2F20260729%2Fcn-beijing%2Ftos%2Frequest&X-Tos-Date=20260729T073431Z&X-Tos-Expires=86400&X-Tos-Signature=dbd9c7b879bcd99eda29ea20a5b9b5ebcf3d6276e89e0a627d9219c9645cfacf&X-Tos-SignedHeaders=host"
      },
      "cdn_urls_json": "/Users/lei/Movies/demo1/dramas/边荒盐妇/assets/looks/cdn_urls.json",
      "id": "CHAR-004-L01",
      "output": "/Users/lei/Movies/demo1/dramas/边荒盐妇/assets/looks/CHAR-004-L01.png"
    },
    {
      "status": "ok",
      "model": "doubao-seedream-5-0-lite-260128",
      "size": "1600x2848",
      "image_url": "https://ark-acg-cn-beijing.tos-cn-beijing.volces.com/doubao-seedream-5-0/02178531047444632c07444f6b9785852ac2e524dc99e6c192c4f_0.jpeg?X-Tos-Algorithm=TOS4-HMAC-SHA256&X-Tos-Credential=AKLTYWJkZTExNjA1ZDUyNDc3YzhjNTM5OGIyNjBhNDcyOTQ%2F20260729%2Fcn-beijing%2Ftos%2Frequest&X-Tos-Date=20260729T073519Z&X-Tos-Expires=86400&X-Tos-Signature=d24b6a9105b2cc0afa5a9e53c141e7345a372a8532325a3607cb930df5caeaa6&X-Tos-SignedHeaders=host",
      "all_urls": [
        "https://ark-acg-cn-beijing.tos-cn-beijing.volces.com/doubao-seedream-5-0/02178531047444632c07444f6b9785852ac2e524dc99e6c192c4f_0.jpeg?X-Tos-Algorithm=TOS4-HMAC-SHA256&X-Tos-Credential=AKLTYWJkZTExNjA1ZDUyNDc3YzhjNTM5OGIyNjBhNDcyOTQ%2F20260729%2Fcn-beijing%2Ftos%2Frequest&X-Tos-Date=20260729T073519Z&X-Tos-Expires=86400&X-Tos-Signature=d24b6a9105b2cc0afa5a9e53c141e7345a372a8532325a3607cb930df5caeaa6&X-Tos-SignedHeaders=host"
      ],
      "response_id": 1785310519,
      "elapsed_sec": 44.9,
      "usage": {
        "generated_images": 1,
        "output_tokens": 17800,
        "total_tokens": 17800
      },
      "archive_dir": "/Users/lei/Movies/demo1/dramas/边荒盐妇/assets",
      "saved": {
        "path": "/Users/lei/Movies/demo1/dramas/边荒盐妇/assets/looks/CHAR-005-L01.png",
        "bytes": 335574,
        "url": "https://ark-acg-cn-beijing.tos-cn-beijing.volces.com/doubao-seedream-5-0/02178531047444632c07444f6b9785852ac2e524dc99e6c192c4f_0.jpeg?X-Tos-Algorithm=TOS4-HMAC-SHA256&X-Tos-Credential=AKLTYWJkZTExNjA1ZDUyNDc3YzhjNTM5OGIyNjBhNDcyOTQ%2F20260729%2Fcn-beijing%2Ftos%2Frequest&X-Tos-Date=20260729T073519Z&X-Tos-Expires=86400&X-Tos-Signature=d24b6a9105b2cc0afa5a9e53c141e7345a372a8532325a3607cb930df5caeaa6&X-Tos-SignedHeaders=host"
      },
      "cdn_urls_json": "/Users/lei/Movies/demo1/dramas/边荒盐妇/assets/looks/cdn_urls.json",
      "id": "CHAR-005-L01",
      "output": "/Users/lei/Movies/demo1/dramas/边荒盐妇/assets/looks/CHAR-005-L01.png"
    },
    {
      "status": "ok",
      "model": "doubao-seedream-5-0-lite-260128",
      "size": "1600x2848",
      "image_url": "https://ark-acg-cn-beijing.tos-cn-beijing.volces.com/doubao-seedream-5-0/021785310524372bec3f42aa889c5b9258a8a5e9d4b8deab00e0a_0.jpeg?X-Tos-Algorithm=TOS4-HMAC-SHA256&X-Tos-Credential=AKLTYWJkZTExNjA1ZDUyNDc3YzhjNTM5OGIyNjBhNDcyOTQ%2F20260729%2Fcn-beijing%2Ftos%2Frequest&X-Tos-Date=20260729T073602Z&X-Tos-Expires=86400&X-Tos-Signature=5a4979806669133d41c84ca1ae67cf91cff3f46e49a53592432ded964630b3f6&X-Tos-SignedHeaders=host",
      "all_urls": [
        "https://ark-acg-cn-beijing.tos-cn-beijing.volces.com/doubao-seedream-5-0/021785310524372bec3f42aa889c5b9258a8a5e9d4b8deab00e0a_0.jpeg?X-Tos-Algorithm=TOS4-HMAC-SHA256&X-Tos-Credential=AKLTYWJkZTExNjA1ZDUyNDc3YzhjNTM5OGIyNjBhNDcyOTQ%2F20260729%2Fcn-beijing%2Ftos%2Frequest&X-Tos-Date=20260729T073602Z&X-Tos-Expires=86400&X-Tos-Signature=5a4979806669133d41c84ca1ae67cf91cff3f46e49a53592432ded964630b3f6&X-Tos-SignedHeaders=host"
      ],
      "response_id": 1785310562,
      "elapsed_sec": 40.29,
      "usage": {
        "generated_images": 1,
        "output_tokens": 17800,
        "total_tokens": 17800
      },
      "archive_dir": "/Users/lei/Movies/demo1/dramas/边荒盐妇/assets",
      "saved": {
        "path": "/Users/lei/Movies/demo1/dramas/边荒盐妇/assets/looks/CHAR-006-L01.png",
        "bytes": 266028,
        "url": "https://ark-acg-cn-beijing.tos-cn-beijing.volces.com/doubao-seedream-5-0/021785310524372bec3f42aa889c5b9258a8a5e9d4b8deab00e0a_0.jpeg?X-Tos-Algorithm=TOS4-HMAC-SHA256&X-Tos-Credential=AKLTYWJkZTExNjA1ZDUyNDc3YzhjNTM5OGIyNjBhNDcyOTQ%2F20260729%2Fcn-beijing%2Ftos%2Frequest&X-Tos-Date=20260729T073602Z&X-Tos-Expires=86400&X-Tos-Signature=5a4979806669133d41c84ca1ae67cf91cff3f46e49a53592432ded964630b3f6&X-Tos-SignedHeaders=host"
      },
      "cdn_urls_json": "/Users/lei/Movies/demo1/dramas/边荒盐妇/assets/looks/cdn_urls.json",
      "id": "CHAR-006-L01",
      "output": "/Users/lei/Movies/demo1/dramas/边荒盐妇/assets/looks/CHAR-006-L01.png"
    },
    {
      "status": "ok",
      "model": "doubao-seedream-5-0-lite-260128",
      "size": "1600x2848",
      "image_url": "https://ark-acg-cn-beijing.tos-cn-beijing.volces.com/doubao-seedream-5-0/02178531056545681a9193ce9f89e3456d252c7b9d01d03c2db9f_0.jpeg?X-Tos-Algorithm=TOS4-HMAC-SHA256&X-Tos-Credential=AKLTYWJkZTExNjA1ZDUyNDc3YzhjNTM5OGIyNjBhNDcyOTQ%2F20260729%2Fcn-beijing%2Ftos%2Frequest&X-Tos-Date=20260729T073642Z&X-Tos-Expires=86400&X-Tos-Signature=79ed467fafa7756eacf5cecebaf3b9d7f2ae11da1556bf2f7f09c652cb1c9833&X-Tos-SignedHeaders=host",
      "all_urls": [
        "https://ark-acg-cn-beijing.tos-cn-beijing.volces.com/doubao-seedream-5-0/02178531056545681a9193ce9f89e3456d252c7b9d01d03c2db9f_0.jpeg?X-Tos-Algorithm=TOS4-HMAC-SHA256&X-Tos-Credential=AKLTYWJkZTExNjA1ZDUyNDc3YzhjNTM5OGIyNjBhNDcyOTQ%2F20260729%2Fcn-beijing%2Ftos%2Frequest&X-Tos-Date=20260729T073642Z&X-Tos-Expires=86400&X-Tos-Signature=79ed467fafa7756eacf5cecebaf3b9d7f2ae11da1556bf2f7f09c652cb1c9833&X-Tos-SignedHeaders=host"
      ],
      "response_id": 1785310602,
      "elapsed_sec": 37.51,
      "usage": {
        "generated_images": 1,
        "output_tokens": 17800,
        "total_tokens": 17800
      },
      "archive_dir": "/Users/lei/Movies/demo1/dramas/边荒盐妇/assets",
      "saved": {
        "path": "/Users/lei/Movies/demo1/dramas/边荒盐妇/assets/looks/CHAR-007-L01.png",
        "bytes": 225571,
        "url": "https://ark-acg-cn-beijing.tos-cn-beijing.volces.com/doubao-seedream-5-0/02178531056545681a9193ce9f89e3456d252c7b9d01d03c2db9f_0.jpeg?X-Tos-Algorithm=TOS4-HMAC-SHA256&X-Tos-Credential=AKLTYWJkZTExNjA1ZDUyNDc3YzhjNTM5OGIyNjBhNDcyOTQ%2F20260729%2Fcn-beijing%2Ftos%2Frequest&X-Tos-Date=20260729T073642Z&X-Tos-Expires=86400&X-Tos-Signature=79ed467fafa7756eacf5cecebaf3b9d7f2ae11da1556bf2f7f09c652cb1c9833&X-Tos-SignedHeaders=host"
      },
      "cdn_urls_json": "/Users/lei/Movies/demo1/dramas/边荒盐妇/assets/looks/cdn_urls.json",
      "id": "CHAR-007-L01",
      "output": "/Users/lei/Movies/demo1/dramas/边荒盐妇/assets/looks/CHAR-007-L01.png"
    },
    {
      "status": "ok",
      "model": "doubao-seedream-5-0-lite-260128",
      "size": "1600x2848",
      "image_url": "https://ark-acg-cn-beijing.tos-cn-beijing.volces.com/doubao-seedream-5-0/02178531060595079be1521b480472bd1aa7097703cfa20d4ed45_0.jpeg?X-Tos-Algorithm=TOS4-HMAC-SHA256&X-Tos-Credential=AKLTYWJkZTExNjA1ZDUyNDc3YzhjNTM5OGIyNjBhNDcyOTQ%2F20260729%2Fcn-beijing%2Ftos%2Frequest&X-Tos-Date=20260729T073727Z&X-Tos-Expires=86400&X-Tos-Signature=d7328d5ab89fe02fbe0c296a24e03d97f95668369a48a3e17d4653b9a4981865&X-Tos-SignedHeaders=host",
      "all_urls": [
        "https://ark-acg-cn-beijing.tos-cn-beijing.volces.com/doubao-seedream-5-0/02178531060595079be1521b480472bd1aa7097703cfa20d4ed45_0.jpeg?X-Tos-Algorithm=TOS4-HMAC-SHA256&X-Tos-Credential=AKLTYWJkZTExNjA1ZDUyNDc3YzhjNTM5OGIyNjBhNDcyOTQ%2F20260729%2Fcn-beijing%2Ftos%2Frequest&X-Tos-Date=20260729T073727Z&X-Tos-Expires=86400&X-Tos-Signature=d7328d5ab89fe02fbe0c296a24e03d97f95668369a48a3e17d4653b9a4981865&X-Tos-SignedHeaders=host"
      ],
      "response_id": 1785310647,
      "elapsed_sec": 42.1,
      "usage": {
        "generated_images": 1,
        "output_tokens": 17800,
        "total_tokens": 17800
      },
      "archive_dir": "/Users/lei/Movies/demo1/dramas/边荒盐妇/assets",
      "saved": {
        "path": "/Users/lei/Movies/demo1/dramas/边荒盐妇/assets/looks/CHAR-008-L01.png",
        "bytes": 273447,
        "url": "https://ark-acg-cn-beijing.tos-cn-beijing.volces.com/doubao-seedream-5-0/02178531060595079be1521b480472bd1aa7097703cfa20d4ed45_0.jpeg?X-Tos-Algorithm=TOS4-HMAC-SHA256&X-Tos-Credential=AKLTYWJkZTExNjA1ZDUyNDc3YzhjNTM5OGIyNjBhNDcyOTQ%2F20260729%2Fcn-beijing%2Ftos%2Frequest&X-Tos-Date=20260729T073727Z&X-Tos-Expires=86400&X-Tos-Signature=d7328d5ab89fe02fbe0c296a24e03d97f95668369a48a3e17d4653b9a4981865&X-Tos-SignedHeaders=host"
      },
      "cdn_urls_json": "/Users/lei/Movies/demo1/dramas/边荒盐妇/assets/looks/cdn_urls.json",
      "id": "CHAR-008-L01",
      "output": "/Users/lei/Movies/demo1/dramas/边荒盐妇/assets/looks/CHAR-008-L01.png"
    },
    {
      "status": "ok",
      "model": "doubao-seedream-5-0-lite-260128",
      "size": "1600x2848",
      "image_url": "https://ark-acg-cn-beijing.tos-cn-beijing.volces.com/doubao-seedream-5-0/021785310650150d2ead8b3d4a98fc1d2171244f667320748e904_0.jpeg?X-Tos-Algorithm=TOS4-HMAC-SHA256&X-Tos-Credential=AKLTYWJkZTExNjA1ZDUyNDc3YzhjNTM5OGIyNjBhNDcyOTQ%2F20260729%2Fcn-beijing%2Ftos%2Frequest&X-Tos-Date=20260729T073807Z&X-Tos-Expires=86400&X-Tos-Signature=bfcc16ad0a629865b62ff26dd1bacfd85b813eee8eae2e1a54d834bfe986d5a1&X-Tos-SignedHeaders=host",
      "all_urls": [
        "https://ark-acg-cn-beijing.tos-cn-beijing.volces.com/doubao-seedream-5-0/021785310650150d2ead8b3d4a98fc1d2171244f667320748e904_0.jpeg?X-Tos-Algorithm=TOS4-HMAC-SHA256&X-Tos-Credential=AKLTYWJkZTExNjA1ZDUyNDc3YzhjNTM5OGIyNjBhNDcyOTQ%2F20260729%2Fcn-beijing%2Ftos%2Frequest&X-Tos-Date=20260729T073807Z&X-Tos-Expires=86400&X-Tos-Signature=bfcc16ad0a629865b62ff26dd1bacfd85b813eee8eae2e1a54d834bfe986d5a1&X-Tos-SignedHeaders=host"
      ],
      "response_id": 1785310687,
      "elapsed_sec": 37.5,
      "usage": {
        "generated_images": 1,
        "output_tokens": 17800,
        "total_tokens": 17800
      },
      "archive_dir": "/Users/lei/Movies/demo1/dramas/边荒盐妇/assets",
      "saved": {
        "path": "/Users/lei/Movies/demo1/dramas/边荒盐妇/assets/looks/CHAR-009-L01.png",
        "bytes": 344522,
        "url": "https://ark-acg-cn-beijing.tos-cn-beijing.volces.com/doubao-seedream-5-0/021785310650150d2ead8b3d4a98fc1d2171244f667320748e904_0.jpeg?X-Tos-Algorithm=TOS4-HMAC-SHA256&X-Tos-Credential=AKLTYWJkZTExNjA1ZDUyNDc3YzhjNTM5OGIyNjBhNDcyOTQ%2F20260729%2Fcn-beijing%2Ftos%2Frequest&X-Tos-Date=20260729T073807Z&X-Tos-Expires=86400&X-Tos-Signature=bfcc16ad0a629865b62ff26dd1bacfd85b813eee8eae2e1a54d834bfe986d5a1&X-Tos-SignedHeaders=host"
      },
      "cdn_urls_json": "/Users/lei/Movies/demo1/dramas/边荒盐妇/assets/looks/cdn_urls.json",
      "id": "CHAR-009-L01",
      "output": "/Users/lei/Movies/demo1/dramas/边荒盐妇/assets/looks/CHAR-009-L01.png"
    },
    {
      "status": "ok",
      "model": "doubao-seedream-5-0-lite-260128",
      "size": "1600x2848",
      "image_url": "https://ark-acg-cn-beijing.tos-cn-beijing.volces.com/doubao-seedream-5-0/02178531069009155eca07af4019b515b4a7e2058cdd067805089_0.jpeg?X-Tos-Algorithm=TOS4-HMAC-SHA256&X-Tos-Credential=AKLTYWJkZTExNjA1ZDUyNDc3YzhjNTM5OGIyNjBhNDcyOTQ%2F20260729%2Fcn-beijing%2Ftos%2Frequest&X-Tos-Date=20260729T073848Z&X-Tos-Expires=86400&X-Tos-Signature=892d73836c0675df0f96085c803c6989627295e2a23160f36582ac3c0265116b&X-Tos-SignedHeaders=host",
      "all_urls": [
        "https://ark-acg-cn-beijing.tos-cn-beijing.volces.com/doubao-seedream-5-0/02178531069009155eca07af4019b515b4a7e2058cdd067805089_0.jpeg?X-Tos-Algorithm=TOS4-HMAC-SHA256&X-Tos-Credential=AKLTYWJkZTExNjA1ZDUyNDc3YzhjNTM5OGIyNjBhNDcyOTQ%2F20260729%2Fcn-beijing%2Ftos%2Frequest&X-Tos-Date=20260729T073848Z&X-Tos-Expires=86400&X-Tos-Signature=892d73836c0675df0f96085c803c6989627295e2a23160f36582ac3c0265116b&X-Tos-SignedHeaders=host"
      ],
      "response_id": 1785310728,
      "elapsed_sec": 38.92,
      "usage": {
        "generated_images": 1,
        "output_tokens": 17800,
        "total_tokens": 17800
      },
      "archive_dir": "/Users/lei/Movies/demo1/dramas/边荒盐妇/assets",
      "saved": {
        "path": "/Users/lei/Movies/demo1/dramas/边荒盐妇/assets/looks/CHAR-010-L01.png",
        "bytes": 251998,
        "url": "https://ark-acg-cn-beijing.tos-cn-beijing.volces.com/doubao-seedream-5-0/02178531069009155eca07af4019b515b4a7e2058cdd067805089_0.jpeg?X-Tos-Algorithm=TOS4-HMAC-SHA256&X-Tos-Credential=AKLTYWJkZTExNjA1ZDUyNDc3YzhjNTM5OGIyNjBhNDcyOTQ%2F20260729%2Fcn-beijing%2Ftos%2Frequest&X-Tos-Date=20260729T073848Z&X-Tos-Expires=86400&X-Tos-Signature=892d73836c0675df0f96085c803c6989627295e2a23160f36582ac3c0265116b&X-Tos-SignedHeaders=host"
      },
      "cdn_urls_json": "/Users/lei/Movies/demo1/dramas/边荒盐妇/assets/looks/cdn_urls.json",
      "id": "CHAR-010-L01",
      "output": "/Users/lei/Movies/demo1/dramas/边荒盐妇/assets/looks/CHAR-010-L01.png"
    },
    {
      "status": "ok",
      "model": "doubao-seedream-5-0-lite-260128",
      "size": "1600x2848",
      "image_url": "https://ark-acg-cn-beijing.tos-cn-beijing.volces.com/doubao-seedream-5-0/021785310731503c14bc3c844fed6d85948b6b35dcf073dadd981_0.jpeg?X-Tos-Algorithm=TOS4-HMAC-SHA256&X-Tos-Credential=AKLTYWJkZTExNjA1ZDUyNDc3YzhjNTM5OGIyNjBhNDcyOTQ%2F20260729%2Fcn-beijing%2Ftos%2Frequest&X-Tos-Date=20260729T073933Z&X-Tos-Expires=86400&X-Tos-Signature=d465a0c678f572b5bfaccb93d7fab5e9f0321e6c922bb0be9bbe4bcb7c33713b&X-Tos-SignedHeaders=host",
      "all_urls": [
        "https://ark-acg-cn-beijing.tos-cn-beijing.volces.com/doubao-seedream-5-0/021785310731503c14bc3c844fed6d85948b6b35dcf073dadd981_0.jpeg?X-Tos-Algorithm=TOS4-HMAC-SHA256&X-Tos-Credential=AKLTYWJkZTExNjA1ZDUyNDc3YzhjNTM5OGIyNjBhNDcyOTQ%2F20260729%2Fcn-beijing%2Ftos%2Frequest&X-Tos-Date=20260729T073933Z&X-Tos-Expires=86400&X-Tos-Signature=d465a0c678f572b5bfaccb93d7fab5e9f0321e6c922bb0be9bbe4bcb7c33713b&X-Tos-SignedHeaders=host"
      ],
      "response_id": 1785310773,
      "elapsed_sec": 42.28,
      "usage": {
        "generated_images": 1,
        "output_tokens": 17800,
        "total_tokens": 17800
      },
      "archive_dir": "/Users/lei/Movies/demo1/dramas/边荒盐妇/assets",
      "saved": {
        "path": "/Users/lei/Movies/demo1/dramas/边荒盐妇/assets/looks/CHAR-011-L01.png",
        "bytes": 236806,
        "url": "https://ark-acg-cn-beijing.tos-cn-beijing.volces.com/doubao-seedream-5-0/021785310731503c14bc3c844fed6d85948b6b35dcf073dadd981_0.jpeg?X-Tos-Algorithm=TOS4-HMAC-SHA256&X-Tos-Credential=AKLTYWJkZTExNjA1ZDUyNDc3YzhjNTM5OGIyNjBhNDcyOTQ%2F20260729%2Fcn-beijing%2Ftos%2Frequest&X-Tos-Date=20260729T073933Z&X-Tos-Expires=86400&X-Tos-Signature=d465a0c678f572b5bfaccb93d7fab5e9f0321e6c922bb0be9bbe4bcb7c33713b&X-Tos-SignedHeaders=host"
      },
      "cdn_urls_json": "/Users/lei/Movies/demo1/dramas/边荒盐妇/assets/looks/cdn_urls.json",
      "id": "CHAR-011-L01",
      "output": "/Users/lei/Movies/demo1/dramas/边荒盐妇/assets/looks/CHAR-011-L01.png"
    },
    {
      "status": "ok",
      "model": "doubao-seedream-5-0-lite-260128",
      "size": "1600x2848",
      "image_url": "https://ark-acg-cn-beijing.tos-cn-beijing.volces.com/doubao-seedream-5-0/021785310776537a1a935ddbf9b19ff5adfcf4dcb0854f6971837_0.jpeg?X-Tos-Algorithm=TOS4-HMAC-SHA256&X-Tos-Credential=AKLTYWJkZTExNjA1ZDUyNDc3YzhjNTM5OGIyNjBhNDcyOTQ%2F20260729%2Fcn-beijing%2Ftos%2Frequest&X-Tos-Date=20260729T074010Z&X-Tos-Expires=86400&X-Tos-Signature=fa7bbcbcd2dcda5b34b0cee47b7dbc1deeb422ae4ba08415569a5ed7857049e3&X-Tos-SignedHeaders=host",
      "all_urls": [
        "https://ark-acg-cn-beijing.tos-cn-beijing.volces.com/doubao-seedream-5-0/021785310776537a1a935ddbf9b19ff5adfcf4dcb0854f6971837_0.jpeg?X-Tos-Algorithm=TOS4-HMAC-SHA256&X-Tos-Credential=AKLTYWJkZTExNjA1ZDUyNDc3YzhjNTM5OGIyNjBhNDcyOTQ%2F20260729%2Fcn-beijing%2Ftos%2Frequest&X-Tos-Date=20260729T074010Z&X-Tos-Expires=86400&X-Tos-Signature=fa7bbcbcd2dcda5b34b0cee47b7dbc1deeb422ae4ba08415569a5ed7857049e3&X-Tos-SignedHeaders=host"
      ],
      "response_id": 1785310810,
      "elapsed_sec": 34.45,
      "usage": {
        "generated_images": 1,
        "output_tokens": 17800,
        "total_tokens": 17800
      },
      "archive_dir": "/Users/lei/Movies/demo1/dramas/边荒盐妇/assets",
      "saved": {
        "path": "/Users/lei/Movies/demo1/dramas/边荒盐妇/assets/looks/CHAR-012-L01.png",
        "bytes": 336355,
        "url": "https://ark-acg-cn-beijing.tos-cn-beijing.volces.com/doubao-seedream-5-0/021785310776537a1a935ddbf9b19ff5adfcf4dcb0854f6971837_0.jpeg?X-Tos-Algorithm=TOS4-HMAC-SHA256&X-Tos-Credential=AKLTYWJkZTExNjA1ZDUyNDc3YzhjNTM5OGIyNjBhNDcyOTQ%2F20260729%2Fcn-beijing%2Ftos%2Frequest&X-Tos-Date=20260729T074010Z&X-Tos-Expires=86400&X-Tos-Signature=fa7bbcbcd2dcda5b34b0cee47b7dbc1deeb422ae4ba08415569a5ed7857049e3&X-Tos-SignedHeaders=host"
      },
      "cdn_urls_json": "/Users/lei/Movies/demo1/dramas/边荒盐妇/assets/looks/cdn_urls.json",
      "id": "CHAR-012-L01",
      "output": "/Users/lei/Movies/demo1/dramas/边荒盐妇/assets/looks/CHAR-012-L01.png"
    },
    {
      "status": "ok",
      "model": "doubao-seedream-5-0-lite-260128",
      "size": "1600x2848",
      "image_url": "https://ark-acg-cn-beijing.tos-cn-beijing.volces.com/doubao-seedream-5-0/0217853108138614f01ec66621d0980a42fd45436ed7595e0785f_0.jpeg?X-Tos-Algorithm=TOS4-HMAC-SHA256&X-Tos-Credential=AKLTYWJkZTExNjA1ZDUyNDc3YzhjNTM5OGIyNjBhNDcyOTQ%2F20260729%2Fcn-beijing%2Ftos%2Frequest&X-Tos-Date=20260729T074054Z&X-Tos-Expires=86400&X-Tos-Signature=b4be998949e673cd66cc3b35b4d55f32eb3f9a4abeda2668b4a78be6052443c9&X-Tos-SignedHeaders=host",
      "all_urls": [
        "https://ark-acg-cn-beijing.tos-cn-beijing.volces.com/doubao-seedream-5-0/0217853108138614f01ec66621d0980a42fd45436ed7595e0785f_0.jpeg?X-Tos-Algorithm=TOS4-HMAC-SHA256&X-Tos-Credential=AKLTYWJkZTExNjA1ZDUyNDc3YzhjNTM5OGIyNjBhNDcyOTQ%2F20260729%2Fcn-beijing%2Ftos%2Frequest&X-Tos-Date=20260729T074054Z&X-Tos-Expires=86400&X-Tos-Signature=b4be998949e673cd66cc3b35b4d55f32eb3f9a4abeda2668b4a78be6052443c9&X-Tos-SignedHeaders=host"
      ],
      "response_id": 1785310854,
      "elapsed_sec": 40.6,
      "usage": {
        "generated_images": 1,
        "output_tokens": 17800,
        "total_tokens": 17800
      },
      "archive_dir": "/Users/lei/Movies/demo1/dramas/边荒盐妇/assets",
      "saved": {
        "path": "/Users/lei/Movies/demo1/dramas/边荒盐妇/assets/looks/CHAR-013-L01.png",
        "bytes": 309851,
        "url": "https://ark-acg-cn-beijing.tos-cn-beijing.volces.com/doubao-seedream-5-0/0217853108138614f01ec66621d0980a42fd45436ed7595e0785f_0.jpeg?X-Tos-Algorithm=TOS4-HMAC-SHA256&X-Tos-Credential=AKLTYWJkZTExNjA1ZDUyNDc3YzhjNTM5OGIyNjBhNDcyOTQ%2F20260729%2Fcn-beijing%2Ftos%2Frequest&X-Tos-Date=20260729T074054Z&X-Tos-Expires=86400&X-Tos-Signature=b4be998949e673cd66cc3b35b4d55f32eb3f9a4abeda2668b4a78be6052443c9&X-Tos-SignedHeaders=host"
      },
      "cdn_urls_json": "/Users/lei/Movies/demo1/dramas/边荒盐妇/assets/looks/cdn_urls.json",
      "id": "CHAR-013-L01",
      "output": "/Users/lei/Movies/demo1/dramas/边荒盐妇/assets/looks/CHAR-013-L01.png"
    },
    {
      "status": "ok",
      "model": "doubao-seedream-5-0-lite-260128",
      "size": "1600x2848",
      "image_url": "https://ark-acg-cn-beijing.tos-cn-beijing.volces.com/doubao-seedream-5-0/021785310856646e9ba0189e2800246c838739f792fc42de7dbc9_0.jpeg?X-Tos-Algorithm=TOS4-HMAC-SHA256&X-Tos-Credential=AKLTYWJkZTExNjA1ZDUyNDc3YzhjNTM5OGIyNjBhNDcyOTQ%2F20260729%2Fcn-beijing%2Ftos%2Frequest&X-Tos-Date=20260729T074128Z&X-Tos-Expires=86400&X-Tos-Signature=69c395daec3619ba5f172914e362162a91a8450432cfe8bdc68ff7f2173ce8ba&X-Tos-SignedHeaders=host",
      "all_urls": [
        "https://ark-acg-cn-beijing.tos-cn-beijing.volces.com/doubao-seedream-5-0/021785310856646e9ba0189e2800246c838739f792fc42de7dbc9_0.jpeg?X-Tos-Algorithm=TOS4-HMAC-SHA256&X-Tos-Credential=AKLTYWJkZTExNjA1ZDUyNDc3YzhjNTM5OGIyNjBhNDcyOTQ%2F20260729%2Fcn-beijing%2Ftos%2Frequest&X-Tos-Date=20260729T074128Z&X-Tos-Expires=86400&X-Tos-Signature=69c395daec3619ba5f172914e362162a91a8450432cfe8bdc68ff7f2173ce8ba&X-Tos-SignedHeaders=host"
      ],
      "response_id": 1785310888,
      "elapsed_sec": 31.96,
      "usage": {
        "generated_images": 1,
        "output_tokens": 17800,
        "total_tokens": 17800
      },
      "archive_dir": "/Users/lei/Movies/demo1/dramas/边荒盐妇/assets",
      "saved": {
        "path": "/Users/lei/Movies/demo1/dramas/边荒盐妇/assets/looks/CHAR-014-L01.png",
        "bytes": 218855,
        "url": "https://ark-acg-cn-beijing.tos-cn-beijing.volces.com/doubao-seedream-5-0/021785310856646e9ba0189e2800246c838739f792fc42de7dbc9_0.jpeg?X-Tos-Algorithm=TOS4-HMAC-SHA256&X-Tos-Credential=AKLTYWJkZTExNjA1ZDUyNDc3YzhjNTM5OGIyNjBhNDcyOTQ%2F20260729%2Fcn-beijing%2Ftos%2Frequest&X-Tos-Date=20260729T074128Z&X-Tos-Expires=86400&X-Tos-Signature=69c395daec3619ba5f172914e362162a91a8450432cfe8bdc68ff7f2173ce8ba&X-Tos-SignedHeaders=host"
      },
      "cdn_urls_json": "/Users/lei/Movies/demo1/dramas/边荒盐妇/assets/looks/cdn_urls.json",
      "id": "CHAR-014-L01",
      "output": "/Users/lei/Movies/demo1/dramas/边荒盐妇/assets/looks/CHAR-014-L01.png"
    },
    {
      "status": "ok",
      "model": "doubao-seedream-5-0-lite-260128",
      "size": "1600x2848",
      "image_url": "https://ark-acg-cn-beijing.tos-cn-beijing.volces.com/doubao-seedream-5-0/0217853108909439dea1a5de2f6b6146a54635f535da4d35ea328_0.jpeg?X-Tos-Algorithm=TOS4-HMAC-SHA256&X-Tos-Credential=AKLTYWJkZTExNjA1ZDUyNDc3YzhjNTM5OGIyNjBhNDcyOTQ%2F20260729%2Fcn-beijing%2Ftos%2Frequest&X-Tos-Date=20260729T074207Z&X-Tos-Expires=86400&X-Tos-Signature=c2cff9997ed8202c6888187a2cd8edaaca48fe7f64f95181539c2c7fc9fce935&X-Tos-SignedHeaders=host",
      "all_urls": [
        "https://ark-acg-cn-beijing.tos-cn-beijing.volces.com/doubao-seedream-5-0/0217853108909439dea1a5de2f6b6146a54635f535da4d35ea328_0.jpeg?X-Tos-Algorithm=TOS4-HMAC-SHA256&X-Tos-Credential=AKLTYWJkZTExNjA1ZDUyNDc3YzhjNTM5OGIyNjBhNDcyOTQ%2F20260729%2Fcn-beijing%2Ftos%2Frequest&X-Tos-Date=20260729T074207Z&X-Tos-Expires=86400&X-Tos-Signature=c2cff9997ed8202c6888187a2cd8edaaca48fe7f64f95181539c2c7fc9fce935&X-Tos-SignedHeaders=host"
      ],
      "response_id": 1785310927,
      "elapsed_sec": 36.34,
      "usage": {
        "generated_images": 1,
        "output_tokens": 17800,
        "total_tokens": 17800
      },
      "archive_dir": "/Users/lei/Movies/demo1/dramas/边荒盐妇/assets",
      "saved": {
        "path": "/Users/lei/Movies/demo1/dramas/边荒盐妇/assets/looks/CHAR-015-L01.png",
        "bytes": 260075,
        "url": "https://ark-acg-cn-beijing.tos-cn-beijing.volces.com/doubao-seedream-5-0/0217853108909439dea1a5de2f6b6146a54635f535da4d35ea328_0.jpeg?X-Tos-Algorithm=TOS4-HMAC-SHA256&X-Tos-Credential=AKLTYWJkZTExNjA1ZDUyNDc3YzhjNTM5OGIyNjBhNDcyOTQ%2F20260729%2Fcn-beijing%2Ftos%2Frequest&X-Tos-Date=20260729T074207Z&X-Tos-Expires=86400&X-Tos-Signature=c2cff9997ed8202c6888187a2cd8edaaca48fe7f64f95181539c2c7fc9fce935&X-Tos-SignedHeaders=host"
      },
      "cdn_urls_json": "/Users/lei/Movies/demo1/dramas/边荒盐妇/assets/looks/cdn_urls.json",
      "id": "CHAR-015-L01",
      "output": "/Users/lei/Movies/demo1/dramas/边荒盐妇/assets/looks/CHAR-015-L01.png"
    },
    {
      "status": "ok",
      "model": "doubao-seedream-5-0-lite-260128",
      "size": "1600x2848",
      "image_url": "https://ark-acg-cn-beijing.tos-cn-beijing.volces.com/doubao-seedream-5-0/021785310929560d50fba12c2a6ebe41e423ad6cf0dbaee8700cc_0.jpeg?X-Tos-Algorithm=TOS4-HMAC-SHA256&X-Tos-Credential=AKLTYWJkZTExNjA1ZDUyNDc3YzhjNTM5OGIyNjBhNDcyOTQ%2F20260729%2Fcn-beijing%2Ftos%2Frequest&X-Tos-Date=20260729T074245Z&X-Tos-Expires=86400&X-Tos-Signature=e4c371d8d5fc738c19c8a3944bbd2492558a254827184fbb1c5fa2eefe39670f&X-Tos-SignedHeaders=host",
      "all_urls": [
        "https://ark-acg-cn-beijing.tos-cn-beijing.volces.com/doubao-seedream-5-0/021785310929560d50fba12c2a6ebe41e423ad6cf0dbaee8700cc_0.jpeg?X-Tos-Algorithm=TOS4-HMAC-SHA256&X-Tos-Credential=AKLTYWJkZTExNjA1ZDUyNDc3YzhjNTM5OGIyNjBhNDcyOTQ%2F20260729%2Fcn-beijing%2Ftos%2Frequest&X-Tos-Date=20260729T074245Z&X-Tos-Expires=86400&X-Tos-Signature=e4c371d8d5fc738c19c8a3944bbd2492558a254827184fbb1c5fa2eefe39670f&X-Tos-SignedHeaders=host"
      ],
      "response_id": 1785310965,
      "elapsed_sec": 36.03,
      "usage": {
        "generated_images": 1,
        "output_tokens": 17800,
        "total_tokens": 17800
      },
      "archive_dir": "/Users/lei/Movies/demo1/dramas/边荒盐妇/assets",
      "saved": {
        "path": "/Users/lei/Movies/demo1/dramas/边荒盐妇/assets/looks/CHAR-016-L01.png",
        "bytes": 274790,
        "url": "https://ark-acg-cn-beijing.tos-cn-beijing.volces.com/doubao-seedream-5-0/021785310929560d50fba12c2a6ebe41e423ad6cf0dbaee8700cc_0.jpeg?X-Tos-Algorithm=TOS4-HMAC-SHA256&X-Tos-Credential=AKLTYWJkZTExNjA1ZDUyNDc3YzhjNTM5OGIyNjBhNDcyOTQ%2F20260729%2Fcn-beijing%2Ftos%2Frequest&X-Tos-Date=20260729T074245Z&X-Tos-Expires=86400&X-Tos-Signature=e4c371d8d5fc738c19c8a3944bbd2492558a254827184fbb1c5fa2eefe39670f&X-Tos-SignedHeaders=host"
      },
      "cdn_urls_json": "/Users/lei/Movies/demo1/dramas/边荒盐妇/assets/looks/cdn_urls.json",
      "id": "CHAR-016-L01",
      "output": "/Users/lei/Movies/demo1/dramas/边荒盐妇/assets/looks/CHAR-016-L01.png"
    },
    {
      "status": "ok",
      "model": "doubao-seedream-5-0-lite-260128",
      "size": "1600x2848",
      "image_url": "https://ark-acg-cn-beijing.tos-cn-beijing.volces.com/doubao-seedream-5-0/0217853109679499dea1a5de2f6b6146a54635f535da4d3febdcc_0.jpeg?X-Tos-Algorithm=TOS4-HMAC-SHA256&X-Tos-Credential=AKLTYWJkZTExNjA1ZDUyNDc3YzhjNTM5OGIyNjBhNDcyOTQ%2F20260729%2Fcn-beijing%2Ftos%2Frequest&X-Tos-Date=20260729T074328Z&X-Tos-Expires=86400&X-Tos-Signature=768e7cd9fd34cc3f96defee6a8ac66bd76319c164adc6dac048545da76e403d5&X-Tos-SignedHeaders=host",
      "all_urls": [
        "https://ark-acg-cn-beijing.tos-cn-beijing.volces.com/doubao-seedream-5-0/0217853109679499dea1a5de2f6b6146a54635f535da4d3febdcc_0.jpeg?X-Tos-Algorithm=TOS4-HMAC-SHA256&X-Tos-Credential=AKLTYWJkZTExNjA1ZDUyNDc3YzhjNTM5OGIyNjBhNDcyOTQ%2F20260729%2Fcn-beijing%2Ftos%2Frequest&X-Tos-Date=20260729T074328Z&X-Tos-Expires=86400&X-Tos-Signature=768e7cd9fd34cc3f96defee6a8ac66bd76319c164adc6dac048545da76e403d5&X-Tos-SignedHeaders=host"
      ],
      "response_id": 1785311008,
      "elapsed_sec": 40.44,
      "usage": {
        "generated_images": 1,
        "output_tokens": 17800,
        "total_tokens": 17800
      },
      "archive_dir": "/Users/lei/Movies/demo1/dramas/边荒盐妇/assets",
      "saved": {
        "path": "/Users/lei/Movies/demo1/dramas/边荒盐妇/assets/looks/CHAR-GRP-01-L01.png",
        "bytes": 338991,
        "url": "https://ark-acg-cn-beijing.tos-cn-beijing.volces.com/doubao-seedream-5-0/0217853109679499dea1a5de2f6b6146a54635f535da4d3febdcc_0.jpeg?X-Tos-Algorithm=TOS4-HMAC-SHA256&X-Tos-Credential=AKLTYWJkZTExNjA1ZDUyNDc3YzhjNTM5OGIyNjBhNDcyOTQ%2F20260729%2Fcn-beijing%2Ftos%2Frequest&X-Tos-Date=20260729T074328Z&X-Tos-Expires=86400&X-Tos-Signature=768e7cd9fd34cc3f96defee6a8ac66bd76319c164adc6dac048545da76e403d5&X-Tos-SignedHeaders=host"
      },
      "cdn_urls_json": "/Users/lei/Movies/demo1/dramas/边荒盐妇/assets/looks/cdn_urls.json",
      "id": "CHAR-GRP-01-L01",
      "output": "/Users/lei/Movies/demo1/dramas/边荒盐妇/assets/looks/CHAR-GRP-01-L01.png"
    },
    {
      "status": "ok",
      "model": "doubao-seedream-5-0-lite-260128",
      "size": "1600x2848",
      "image_url": "https://ark-acg-cn-beijing.tos-cn-beijing.volces.com/doubao-seedream-5-0/021785311014444371f0bad2fce6f9048f5c61d200c3a37881714_0.jpeg?X-Tos-Algorithm=TOS4-HMAC-SHA256&X-Tos-Credential=AKLTYWJkZTExNjA1ZDUyNDc3YzhjNTM5OGIyNjBhNDcyOTQ%2F20260729%2Fcn-beijing%2Ftos%2Frequest&X-Tos-Date=20260729T074400Z&X-Tos-Expires=86400&X-Tos-Signature=c40ad688d1ff7f95582a3663491f5fcead1607dd02206e382e5434a5a0a1be8e&X-Tos-SignedHeaders=host",
      "all_urls": [
        "https://ark-acg-cn-beijing.tos-cn-beijing.volces.com/doubao-seedream-5-0/021785311014444371f0bad2fce6f9048f5c61d200c3a37881714_0.jpeg?X-Tos-Algorithm=TOS4-HMAC-SHA256&X-Tos-Credential=AKLTYWJkZTExNjA1ZDUyNDc3YzhjNTM5OGIyNjBhNDcyOTQ%2F20260729%2Fcn-beijing%2Ftos%2Frequest&X-Tos-Date=20260729T074400Z&X-Tos-Expires=86400&X-Tos-Signature=c40ad688d1ff7f95582a3663491f5fcead1607dd02206e382e5434a5a0a1be8e&X-Tos-SignedHeaders=host"
      ],
      "response_id": 1785311040,
      "elapsed_sec": 26.95,
      "usage": {
        "generated_images": 1,
        "output_tokens": 17800,
        "total_tokens": 17800
      },
      "archive_dir": "/Users/lei/Movies/demo1/dramas/边荒盐妇/assets",
      "saved": {
        "path": "/Users/lei/Movies/demo1/dramas/边荒盐妇/assets/looks/CHAR-GRP-02-L01.png",
        "bytes": 431763,
        "url": "https://ark-acg-cn-beijing.tos-cn-beijing.volces.com/doubao-seedream-5-0/021785311014444371f0bad2fce6f9048f5c61d200c3a37881714_0.jpeg?X-Tos-Algorithm=TOS4-HMAC-SHA256&X-Tos-Credential=AKLTYWJkZTExNjA1ZDUyNDc3YzhjNTM5OGIyNjBhNDcyOTQ%2F20260729%2Fcn-beijing%2Ftos%2Frequest&X-Tos-Date=20260729T074400Z&X-Tos-Expires=86400&X-Tos-Signature=c40ad688d1ff7f95582a3663491f5fcead1607dd02206e382e5434a5a0a1be8e&X-Tos-SignedHeaders=host"
      },
      "cdn_urls_json": "/Users/lei/Movies/demo1/dramas/边荒盐妇/assets/looks/cdn_urls.json",
      "id": "CHAR-GRP-02-L01",
      "output": "/Users/lei/Movies/demo1/dramas/边荒盐妇/assets/looks/CHAR-GRP-02-L01.png"
    },
    {
      "status": "ok",
      "model": "doubao-seedream-5-0-lite-260128",
      "size": "1600x2848",
      "image_url": "https://ark-acg-cn-beijing.tos-cn-beijing.volces.com/doubao-seedream-5-0/021785311044406d2117f1954c918d1636ca8e94ee30b50e830e5_0.jpeg?X-Tos-Algorithm=TOS4-HMAC-SHA256&X-Tos-Credential=AKLTYWJkZTExNjA1ZDUyNDc3YzhjNTM5OGIyNjBhNDcyOTQ%2F20260729%2Fcn-beijing%2Ftos%2Frequest&X-Tos-Date=20260729T074435Z&X-Tos-Expires=86400&X-Tos-Signature=ef858c54464ca705904cf185690703f0c2ed89a34536ee82f63356db9da02883&X-Tos-SignedHeaders=host",
      "all_urls": [
        "https://ark-acg-cn-beijing.tos-cn-beijing.volces.com/doubao-seedream-5-0/021785311044406d2117f1954c918d1636ca8e94ee30b50e830e5_0.jpeg?X-Tos-Algorithm=TOS4-HMAC-SHA256&X-Tos-Credential=AKLTYWJkZTExNjA1ZDUyNDc3YzhjNTM5OGIyNjBhNDcyOTQ%2F20260729%2Fcn-beijing%2Ftos%2Frequest&X-Tos-Date=20260729T074435Z&X-Tos-Expires=86400&X-Tos-Signature=ef858c54464ca705904cf185690703f0c2ed89a34536ee82f63356db9da02883&X-Tos-SignedHeaders=host"
      ],
      "response_id": 1785311075,
      "elapsed_sec": 31.37,
      "usage": {
        "generated_images": 1,
        "output_tokens": 17800,
        "total_tokens": 17800
      },
      "archive_dir": "/Users/lei/Movies/demo1/dramas/边荒盐妇/assets",
      "saved": {
        "path": "/Users/lei/Movies/demo1/dramas/边荒盐妇/assets/looks/CHAR-GRP-03-L01.png",
        "bytes": 460660,
        "url": "https://ark-acg-cn-beijing.tos-cn-beijing.volces.com/doubao-seedream-5-0/021785311044406d2117f1954c918d1636ca8e94ee30b50e830e5_0.jpeg?X-Tos-Algorithm=TOS4-HMAC-SHA256&X-Tos-Credential=AKLTYWJkZTExNjA1ZDUyNDc3YzhjNTM5OGIyNjBhNDcyOTQ%2F20260729%2Fcn-beijing%2Ftos%2Frequest&X-Tos-Date=20260729T074435Z&X-Tos-Expires=86400&X-Tos-Signature=ef858c54464ca705904cf185690703f0c2ed89a34536ee82f63356db9da02883&X-Tos-SignedHeaders=host"
      },
      "cdn_urls_json": "/Users/lei/Movies/demo1/dramas/边荒盐妇/assets/looks/cdn_urls.json",
      "id": "CHAR-GRP-03-L01",
      "output": "/Users/lei/Movies/demo1/dramas/边荒盐妇/assets/looks/CHAR-GRP-03-L01.png"
    },
    {
      "status": "ok",
      "model": "doubao-seedream-5-0-lite-260128",
      "size": "1600x2848",
      "image_url": "https://ark-acg-cn-beijing.tos-cn-beijing.volces.com/doubao-seedream-5-0/0217853110777812d60f863e4315e8806c7747df8d22708558fc2_0.jpeg?X-Tos-Algorithm=TOS4-HMAC-SHA256&X-Tos-Credential=AKLTYWJkZTExNjA1ZDUyNDc3YzhjNTM5OGIyNjBhNDcyOTQ%2F20260729%2Fcn-beijing%2Ftos%2Frequest&X-Tos-Date=20260729T074508Z&X-Tos-Expires=86400&X-Tos-Signature=b940416b10288e6ba8721bca795d8d9d239e01c8e97538d627f38b63ebc1455d&X-Tos-SignedHeaders=host",
      "all_urls": [
        "https://ark-acg-cn-beijing.tos-cn-beijing.volces.com/doubao-seedream-5-0/0217853110777812d60f863e4315e8806c7747df8d22708558fc2_0.jpeg?X-Tos-Algorithm=TOS4-HMAC-SHA256&X-Tos-Credential=AKLTYWJkZTExNjA1ZDUyNDc3YzhjNTM5OGIyNjBhNDcyOTQ%2F20260729%2Fcn-beijing%2Ftos%2Frequest&X-Tos-Date=20260729T074508Z&X-Tos-Expires=86400&X-Tos-Signature=b940416b10288e6ba8721bca795d8d9d239e01c8e97538d627f38b63ebc1455d&X-Tos-SignedHeaders=host"
      ],
      "response_id": 1785311108,
      "elapsed_sec": 30.61,
      "usage": {
        "generated_images": 1,
        "output_tokens": 17800,
        "total_tokens": 17800
      },
      "archive_dir": "/Users/lei/Movies/demo1/dramas/边荒盐妇/assets",
      "saved": {
        "path": "/Users/lei/Movies/demo1/dramas/边荒盐妇/assets/looks/CHAR-GRP-04-L01.png",
        "bytes": 290122,
        "url": "https://ark-acg-cn-beijing.tos-cn-beijing.volces.com/doubao-seedream-5-0/0217853110777812d60f863e4315e8806c7747df8d22708558fc2_0.jpeg?X-Tos-Algorithm=TOS4-HMAC-SHA256&X-Tos-Credential=AKLTYWJkZTExNjA1ZDUyNDc3YzhjNTM5OGIyNjBhNDcyOTQ%2F20260729%2Fcn-beijing%2Ftos%2Frequest&X-Tos-Date=20260729T074508Z&X-Tos-Expires=86400&X-Tos-Signature=b940416b10288e6ba8721bca795d8d9d239e01c8e97538d627f38b63ebc1455d&X-Tos-SignedHeaders=host"
      },
      "cdn_urls_json": "/Users/lei/Movies/demo1/dramas/边荒盐妇/assets/looks/cdn_urls.json",
      "id": "CHAR-GRP-04-L01",
      "output": "/Users/lei/Movies/demo1/dramas/边荒盐妇/assets/looks/CHAR-GRP-04-L01.png"
    },
    {
      "status": "ok",
      "model": "doubao-seedream-5-0-lite-260128",
      "size": "1600x2848",
      "image_url": "https://ark-acg-cn-beijing.tos-cn-beijing.volces.com/doubao-seedream-5-0/0217853111110224611219e5b4de0538a5e909296540400bce8d4_0.jpeg?X-Tos-Algorithm=TOS4-HMAC-SHA256&X-Tos-Credential=AKLTYWJkZTExNjA1ZDUyNDc3YzhjNTM5OGIyNjBhNDcyOTQ%2F20260729%2Fcn-beijing%2Ftos%2Frequest&X-Tos-Date=20260729T074550Z&X-Tos-Expires=86400&X-Tos-Signature=b030176f1b5e605d23bcbef3271078d0e63e80aba2567ecea64019ae12680a89&X-Tos-SignedHeaders=host",
      "all_urls": [
        "https://ark-acg-cn-beijing.tos-cn-beijing.volces.com/doubao-seedream-5-0/0217853111110224611219e5b4de0538a5e909296540400bce8d4_0.jpeg?X-Tos-Algorithm=TOS4-HMAC-SHA256&X-Tos-Credential=AKLTYWJkZTExNjA1ZDUyNDc3YzhjNTM5OGIyNjBhNDcyOTQ%2F20260729%2Fcn-beijing%2Ftos%2Frequest&X-Tos-Date=20260729T074550Z&X-Tos-Expires=86400&X-Tos-Signature=b030176f1b5e605d23bcbef3271078d0e63e80aba2567ecea64019ae12680a89&X-Tos-SignedHeaders=host"
      ],
      "response_id": 1785311150,
      "elapsed_sec": 39.24,
      "usage": {
        "generated_images": 1,
        "output_tokens": 17800,
        "total_tokens": 17800
      },
      "archive_dir": "/Users/lei/Movies/demo1/dramas/边荒盐妇/assets",
      "saved": {
        "path": "/Users/lei/Movies/demo1/dramas/边荒盐妇/assets/looks/CHAR-GRP-05-L01.png",
        "bytes": 256992,
        "url": "https://ark-acg-cn-beijing.tos-cn-beijing.volces.com/doubao-seedream-5-0/0217853111110224611219e5b4de0538a5e909296540400bce8d4_0.jpeg?X-Tos-Algorithm=TOS4-HMAC-SHA256&X-Tos-Credential=AKLTYWJkZTExNjA1ZDUyNDc3YzhjNTM5OGIyNjBhNDcyOTQ%2F20260729%2Fcn-beijing%2Ftos%2Frequest&X-Tos-Date=20260729T074550Z&X-Tos-Expires=86400&X-Tos-Signature=b030176f1b5e605d23bcbef3271078d0e63e80aba2567ecea64019ae12680a89&X-Tos-SignedHeaders=host"
      },
      "cdn_urls_json": "/Users/lei/Movies/demo1/dramas/边荒盐妇/assets/looks/cdn_urls.json",
      "id": "CHAR-GRP-05-L01",
      "output": "/Users/lei/Movies/demo1/dramas/边荒盐妇/assets/looks/CHAR-GRP-05-L01.png"
    },
    {
      "status": "ok",
      "model": "doubao-seedream-5-0-lite-260128",
      "size": "1600x2848",
      "image_url": "https://ark-acg-cn-beijing.tos-cn-beijing.volces.com/doubao-seedream-5-0/0217853111542072748f57c5f4210b3bc611acce6828c7aed3b03_0.jpeg?X-Tos-Algorithm=TOS4-HMAC-SHA256&X-Tos-Credential=AKLTYWJkZTExNjA1ZDUyNDc3YzhjNTM5OGIyNjBhNDcyOTQ%2F20260729%2Fcn-beijing%2Ftos%2Frequest&X-Tos-Date=20260729T074628Z&X-Tos-Expires=86400&X-Tos-Signature=f4f0d65b4490db25a78767bf6b401234f446ebece2b534e1589b201927282243&X-Tos-SignedHeaders=host",
      "all_urls": [
        "https://ark-acg-cn-beijing.tos-cn-beijing.volces.com/doubao-seedream-5-0/0217853111542072748f57c5f4210b3bc611acce6828c7aed3b03_0.jpeg?X-Tos-Algorithm=TOS4-HMAC-SHA256&X-Tos-Credential=AKLTYWJkZTExNjA1ZDUyNDc3YzhjNTM5OGIyNjBhNDcyOTQ%2F20260729%2Fcn-beijing%2Ftos%2Frequest&X-Tos-Date=20260729T074628Z&X-Tos-Expires=86400&X-Tos-Signature=f4f0d65b4490db25a78767bf6b401234f446ebece2b534e1589b201927282243&X-Tos-SignedHeaders=host"
      ],
      "response_id": 1785311188,
      "elapsed_sec": 34.13,
      "usage": {
        "generated_images": 1,
        "output_tokens": 17800,
        "total_tokens": 17800
      },
      "archive_dir": "/Users/lei/Movies/demo1/dramas/边荒盐妇/assets",
      "saved": {
        "path": "/Users/lei/Movies/demo1/dramas/边荒盐妇/assets/looks/CHAR-GRP-06-L01.png",
        "bytes": 269843,
        "url": "https://ark-acg-cn-beijing.tos-cn-beijing.volces.com/doubao-seedream-5-0/0217853111542072748f57c5f4210b3bc611acce6828c7aed3b03_0.jpeg?X-Tos-Algorithm=TOS4-HMAC-SHA256&X-Tos-Credential=AKLTYWJkZTExNjA1ZDUyNDc3YzhjNTM5OGIyNjBhNDcyOTQ%2F20260729%2Fcn-beijing%2Ftos%2Frequest&X-Tos-Date=20260729T074628Z&X-Tos-Expires=86400&X-Tos-Signature=f4f0d65b4490db25a78767bf6b401234f446ebece2b534e1589b201927282243&X-Tos-SignedHeaders=host"
      },
      "cdn_urls_json": "/Users/lei/Movies/demo1/dramas/边荒盐妇/assets/looks/cdn_urls.json",
      "id": "CHAR-GRP-06-L01",
      "output": "/Users/lei/Movies/demo1/dramas/边荒盐妇/assets/looks/CHAR-GRP-06-L01.png"
    },
    {
      "status": "ok",
      "model": "doubao-seedream-5-0-lite-260128",
      "size": "1600x2848",
      "image_url": "https://ark-acg-cn-beijing.tos-cn-beijing.volces.com/doubao-seedream-5-0/021785311190572bd223177cc7b14585a4ccdb5490e4938dcdfb5_0.jpeg?X-Tos-Algorithm=TOS4-HMAC-SHA256&X-Tos-Credential=AKLTYWJkZTExNjA1ZDUyNDc3YzhjNTM5OGIyNjBhNDcyOTQ%2F20260729%2Fcn-beijing%2Ftos%2Frequest&X-Tos-Date=20260729T074705Z&X-Tos-Expires=86400&X-Tos-Signature=274c70a1548b001c84be25b0640bc3838baf834804d83119d65cf94244ba7ded&X-Tos-SignedHeaders=host",
      "all_urls": [
        "https://ark-acg-cn-beijing.tos-cn-beijing.volces.com/doubao-seedream-5-0/021785311190572bd223177cc7b14585a4ccdb5490e4938dcdfb5_0.jpeg?X-Tos-Algorithm=TOS4-HMAC-SHA256&X-Tos-Credential=AKLTYWJkZTExNjA1ZDUyNDc3YzhjNTM5OGIyNjBhNDcyOTQ%2F20260729%2Fcn-beijing%2Ftos%2Frequest&X-Tos-Date=20260729T074705Z&X-Tos-Expires=86400&X-Tos-Signature=274c70a1548b001c84be25b0640bc3838baf834804d83119d65cf94244ba7ded&X-Tos-SignedHeaders=host"
      ],
      "response_id": 1785311225,
      "elapsed_sec": 34.64,
      "usage": {
        "generated_images": 1,
        "output_tokens": 17800,
        "total_tokens": 17800
      },
      "archive_dir": "/Users/lei/Movies/demo1/dramas/边荒盐妇/assets",
      "saved": {
        "path": "/Users/lei/Movies/demo1/dramas/边荒盐妇/assets/looks/CHAR-GRP-07-L01.png",
        "bytes": 281618,
        "url": "https://ark-acg-cn-beijing.tos-cn-beijing.volces.com/doubao-seedream-5-0/021785311190572bd223177cc7b14585a4ccdb5490e4938dcdfb5_0.jpeg?X-Tos-Algorithm=TOS4-HMAC-SHA256&X-Tos-Credential=AKLTYWJkZTExNjA1ZDUyNDc3YzhjNTM5OGIyNjBhNDcyOTQ%2F20260729%2Fcn-beijing%2Ftos%2Frequest&X-Tos-Date=20260729T074705Z&X-Tos-Expires=86400&X-Tos-Signature=274c70a1548b001c84be25b0640bc3838baf834804d83119d65cf94244ba7ded&X-Tos-SignedHeaders=host"
      },
      "cdn_urls_json": "/Users/lei/Movies/demo1/dramas/边荒盐妇/assets/looks/cdn_urls.json",
      "id": "CHAR-GRP-07-L01",
      "output": "/Users/lei/Movies/demo1/dramas/边荒盐妇/assets/looks/CHAR-GRP-07-L01.png"
    },
    {
      "status": "ok",
      "model": "doubao-seedream-5-0-lite-260128",
      "size": "1600x2848",
      "image_url": "https://ark-acg-cn-beijing.tos-cn-beijing.volces.com/doubao-seedream-5-0/02178531122791667b4ef5ba44a9620b39cdc0042b313b399d355_0.jpeg?X-Tos-Algorithm=TOS4-HMAC-SHA256&X-Tos-Credential=AKLTYWJkZTExNjA1ZDUyNDc3YzhjNTM5OGIyNjBhNDcyOTQ%2F20260729%2Fcn-beijing%2Ftos%2Frequest&X-Tos-Date=20260729T074740Z&X-Tos-Expires=86400&X-Tos-Signature=a54ce9fe3105fc44fa92aa653a6fcc8d0241e0a6a232a6dc1a2d889ea88e10e0&X-Tos-SignedHeaders=host",
      "all_urls": [
        "https://ark-acg-cn-beijing.tos-cn-beijing.volces.com/doubao-seedream-5-0/02178531122791667b4ef5ba44a9620b39cdc0042b313b399d355_0.jpeg?X-Tos-Algorithm=TOS4-HMAC-SHA256&X-Tos-Credential=AKLTYWJkZTExNjA1ZDUyNDc3YzhjNTM5OGIyNjBhNDcyOTQ%2F20260729%2Fcn-beijing%2Ftos%2Frequest&X-Tos-Date=20260729T074740Z&X-Tos-Expires=86400&X-Tos-Signature=a54ce9fe3105fc44fa92aa653a6fcc8d0241e0a6a232a6dc1a2d889ea88e10e0&X-Tos-SignedHeaders=host"
      ],
      "response_id": 1785311260,
      "elapsed_sec": 32.6,
      "usage": {
        "generated_images": 1,
        "output_tokens": 17800,
        "total_tokens": 17800
      },
      "archive_dir": "/Users/lei/Movies/demo1/dramas/边荒盐妇/assets",
      "saved": {
        "path": "/Users/lei/Movies/demo1/dramas/边荒盐妇/assets/looks/CHAR-GRP-08-L01.png",
        "bytes": 239834,
        "url": "https://ark-acg-cn-beijing.tos-cn-beijing.volces.com/doubao-seedream-5-0/02178531122791667b4ef5ba44a9620b39cdc0042b313b399d355_0.jpeg?X-Tos-Algorithm=TOS4-HMAC-SHA256&X-Tos-Credential=AKLTYWJkZTExNjA1ZDUyNDc3YzhjNTM5OGIyNjBhNDcyOTQ%2F20260729%2Fcn-beijing%2Ftos%2Frequest&X-Tos-Date=20260729T074740Z&X-Tos-Expires=86400&X-Tos-Signature=a54ce9fe3105fc44fa92aa653a6fcc8d0241e0a6a232a6dc1a2d889ea88e10e0&X-Tos-SignedHeaders=host"
      },
      "cdn_urls_json": "/Users/lei/Movies/demo1/dramas/边荒盐妇/assets/looks/cdn_urls.json",
      "id": "CHAR-GRP-08-L01",
      "output": "/Users/lei/Movies/demo1/dramas/边荒盐妇/assets/looks/CHAR-GRP-08-L01.png"
    },
    {
      "status": "ok",
      "model": "doubao-seedream-5-0-lite-260128",
      "size": "1600x2848",
      "image_url": "https://ark-acg-cn-beijing.tos-cn-beijing.volces.com/doubao-seedream-5-0/0217853112631939626677ac03e7fc38de68a295138d5d1e0a761_0.jpeg?X-Tos-Algorithm=TOS4-HMAC-SHA256&X-Tos-Credential=AKLTYWJkZTExNjA1ZDUyNDc3YzhjNTM5OGIyNjBhNDcyOTQ%2F20260729%2Fcn-beijing%2Ftos%2Frequest&X-Tos-Date=20260729T074822Z&X-Tos-Expires=86400&X-Tos-Signature=e47e0bdcc58f2bba3c1823f62c14be35df54cbf5b3f8b11e6edd0680d85da19e&X-Tos-SignedHeaders=host",
      "all_urls": [
        "https://ark-acg-cn-beijing.tos-cn-beijing.volces.com/doubao-seedream-5-0/0217853112631939626677ac03e7fc38de68a295138d5d1e0a761_0.jpeg?X-Tos-Algorithm=TOS4-HMAC-SHA256&X-Tos-Credential=AKLTYWJkZTExNjA1ZDUyNDc3YzhjNTM5OGIyNjBhNDcyOTQ%2F20260729%2Fcn-beijing%2Ftos%2Frequest&X-Tos-Date=20260729T074822Z&X-Tos-Expires=86400&X-Tos-Signature=e47e0bdcc58f2bba3c1823f62c14be35df54cbf5b3f8b11e6edd0680d85da19e&X-Tos-SignedHeaders=host"
      ],
      "response_id": 1785311302,
      "elapsed_sec": 39.47,
      "usage": {
        "generated_images": 1,
        "output_tokens": 17800,
        "total_tokens": 17800
      },
      "archive_dir": "/Users/lei/Movies/demo1/dramas/边荒盐妇/assets",
      "saved": {
        "path": "/Users/lei/Movies/demo1/dramas/边荒盐妇/assets/looks/CHAR-GRP-09-L01.png",
        "bytes": 247232,
        "url": "https://ark-acg-cn-beijing.tos-cn-beijing.volces.com/doubao-seedream-5-0/0217853112631939626677ac03e7fc38de68a295138d5d1e0a761_0.jpeg?X-Tos-Algorithm=TOS4-HMAC-SHA256&X-Tos-Credential=AKLTYWJkZTExNjA1ZDUyNDc3YzhjNTM5OGIyNjBhNDcyOTQ%2F20260729%2Fcn-beijing%2Ftos%2Frequest&X-Tos-Date=20260729T074822Z&X-Tos-Expires=86400&X-Tos-Signature=e47e0bdcc58f2bba3c1823f62c14be35df54cbf5b3f8b11e6edd0680d85da19e&X-Tos-SignedHeaders=host"
      },
      "cdn_urls_json": "/Users/lei/Movies/demo1/dramas/边荒盐妇/assets/looks/cdn_urls.json",
      "id": "CHAR-GRP-09-L01",
      "output": "/Users/lei/Movies/demo1/dramas/边荒盐妇/assets/looks/CHAR-GRP-09-L01.png"
    },
    {
      "status": "ok",
      "model": "doubao-seedream-5-0-lite-260128",
      "size": "1600x2848",
      "image_url": "https://ark-acg-cn-beijing.tos-cn-beijing.volces.com/doubao-seedream-5-0/021785311305047ab1bde7b6c4732bdc6801db5aee9e2656d8dab_0.jpeg?X-Tos-Algorithm=TOS4-HMAC-SHA256&X-Tos-Credential=AKLTYWJkZTExNjA1ZDUyNDc3YzhjNTM5OGIyNjBhNDcyOTQ%2F20260729%2Fcn-beijing%2Ftos%2Frequest&X-Tos-Date=20260729T074905Z&X-Tos-Expires=86400&X-Tos-Signature=04e1133f87820d7c9dc7f7d5207cd901f89870e2e9d64f1b1b833e3312c0429c&X-Tos-SignedHeaders=host",
      "all_urls": [
        "https://ark-acg-cn-beijing.tos-cn-beijing.volces.com/doubao-seedream-5-0/021785311305047ab1bde7b6c4732bdc6801db5aee9e2656d8dab_0.jpeg?X-Tos-Algorithm=TOS4-HMAC-SHA256&X-Tos-Credential=AKLTYWJkZTExNjA1ZDUyNDc3YzhjNTM5OGIyNjBhNDcyOTQ%2F20260729%2Fcn-beijing%2Ftos%2Frequest&X-Tos-Date=20260729T074905Z&X-Tos-Expires=86400&X-Tos-Signature=04e1133f87820d7c9dc7f7d5207cd901f89870e2e9d64f1b1b833e3312c0429c&X-Tos-SignedHeaders=host"
      ],
      "response_id": 1785311345,
      "elapsed_sec": 40.55,
      "usage": {
        "generated_images": 1,
        "output_tokens": 17800,
        "total_tokens": 17800
      },
      "archive_dir": "/Users/lei/Movies/demo1/dramas/边荒盐妇/assets",
      "saved": {
        "path": "/Users/lei/Movies/demo1/dramas/边荒盐妇/assets/looks/CHAR-GRP-10-L01.png",
        "bytes": 305586,
        "url": "https://ark-acg-cn-beijing.tos-cn-beijing.volces.com/doubao-seedream-5-0/021785311305047ab1bde7b6c4732bdc6801db5aee9e2656d8dab_0.jpeg?X-Tos-Algorithm=TOS4-HMAC-SHA256&X-Tos-Credential=AKLTYWJkZTExNjA1ZDUyNDc3YzhjNTM5OGIyNjBhNDcyOTQ%2F20260729%2Fcn-beijing%2Ftos%2Frequest&X-Tos-Date=20260729T074905Z&X-Tos-Expires=86400&X-Tos-Signature=04e1133f87820d7c9dc7f7d5207cd901f89870e2e9d64f1b1b833e3312c0429c&X-Tos-SignedHeaders=host"
      },
      "cdn_urls_json": "/Users/lei/Movies/demo1/dramas/边荒盐妇/assets/looks/cdn_urls.json",
      "id": "CHAR-GRP-10-L01",
      "output": "/Users/lei/Movies/demo1/dramas/边荒盐妇/assets/looks/CHAR-GRP-10-L01.png"
    },
    {
      "status": "ok",
      "model": "doubao-seedream-5-0-lite-260128",
      "size": "1600x2848",
      "image_url": "https://ark-acg-cn-beijing.tos-cn-beijing.volces.com/doubao-seedream-5-0/02178531134876342e276d595e9cfc376ad966d4ec21246f45b38_0.jpeg?X-Tos-Algorithm=TOS4-HMAC-SHA256&X-Tos-Credential=AKLTYWJkZTExNjA1ZDUyNDc3YzhjNTM5OGIyNjBhNDcyOTQ%2F20260729%2Fcn-beijing%2Ftos%2Frequest&X-Tos-Date=20260729T074936Z&X-Tos-Expires=86400&X-Tos-Signature=38e1b31299da5fe87c47c3efee5a31f4dbcad450ce50fefb30c67532714f422e&X-Tos-SignedHeaders=host",
      "all_urls": [
        "https://ark-acg-cn-beijing.tos-cn-beijing.volces.com/doubao-seedream-5-0/02178531134876342e276d595e9cfc376ad966d4ec21246f45b38_0.jpeg?X-Tos-Algorithm=TOS4-HMAC-SHA256&X-Tos-Credential=AKLTYWJkZTExNjA1ZDUyNDc3YzhjNTM5OGIyNjBhNDcyOTQ%2F20260729%2Fcn-beijing%2Ftos%2Frequest&X-Tos-Date=20260729T074936Z&X-Tos-Expires=86400&X-Tos-Signature=38e1b31299da5fe87c47c3efee5a31f4dbcad450ce50fefb30c67532714f422e&X-Tos-SignedHeaders=host"
      ],
      "response_id": 1785311376,
      "elapsed_sec": 28.37,
      "usage": {
        "generated_images": 1,
        "output_tokens": 17800,
        "total_tokens": 17800
      },
      "archive_dir": "/Users/lei/Movies/demo1/dramas/边荒盐妇/assets",
      "saved": {
        "path": "/Users/lei/Movies/demo1/dramas/边荒盐妇/assets/looks/CHAR-GRP-11-L01.png",
        "bytes": 218432,
        "url": "https://ark-acg-cn-beijing.tos-cn-beijing.volces.com/doubao-seedream-5-0/02178531134876342e276d595e9cfc376ad966d4ec21246f45b38_0.jpeg?X-Tos-Algorithm=TOS4-HMAC-SHA256&X-Tos-Credential=AKLTYWJkZTExNjA1ZDUyNDc3YzhjNTM5OGIyNjBhNDcyOTQ%2F20260729%2Fcn-beijing%2Ftos%2Frequest&X-Tos-Date=20260729T074936Z&X-Tos-Expires=86400&X-Tos-Signature=38e1b31299da5fe87c47c3efee5a31f4dbcad450ce50fefb30c67532714f422e&X-Tos-SignedHeaders=host"
      },
      "cdn_urls_json": "/Users/lei/Movies/demo1/dramas/边荒盐妇/assets/looks/cdn_urls.json",
      "id": "CHAR-GRP-11-L01",
      "output": "/Users/lei/Movies/demo1/dramas/边荒盐妇/assets/looks/CHAR-GRP-11-L01.png"
    },
    {
      "status": "ok",
      "model": "doubao-seedream-5-0-lite-260128",
      "size": "1600x2848",
      "image_url": "https://ark-acg-cn-beijing.tos-cn-beijing.volces.com/doubao-seedream-5-0/021785311379616bec3f42aa889c5b9258a8a5e9d4b8dea650260_0.jpeg?X-Tos-Algorithm=TOS4-HMAC-SHA256&X-Tos-Credential=AKLTYWJkZTExNjA1ZDUyNDc3YzhjNTM5OGIyNjBhNDcyOTQ%2F20260729%2Fcn-beijing%2Ftos%2Frequest&X-Tos-Date=20260729T075005Z&X-Tos-Expires=86400&X-Tos-Signature=75d593f114f699680411e89b0e2f787aeb0b7df0b8e983097109c696d316ab00&X-Tos-SignedHeaders=host",
      "all_urls": [
        "https://ark-acg-cn-beijing.tos-cn-beijing.volces.com/doubao-seedream-5-0/021785311379616bec3f42aa889c5b9258a8a5e9d4b8dea650260_0.jpeg?X-Tos-Algorithm=TOS4-HMAC-SHA256&X-Tos-Credential=AKLTYWJkZTExNjA1ZDUyNDc3YzhjNTM5OGIyNjBhNDcyOTQ%2F20260729%2Fcn-beijing%2Ftos%2Frequest&X-Tos-Date=20260729T075005Z&X-Tos-Expires=86400&X-Tos-Signature=75d593f114f699680411e89b0e2f787aeb0b7df0b8e983097109c696d316ab00&X-Tos-SignedHeaders=host"
      ],
      "response_id": 1785311405,
      "elapsed_sec": 26.28,
      "usage": {
        "generated_images": 1,
        "output_tokens": 17800,
        "total_tokens": 17800
      },
      "archive_dir": "/Users/lei/Movies/demo1/dramas/边荒盐妇/assets",
      "saved": {
        "path": "/Users/lei/Movies/demo1/dramas/边荒盐妇/assets/looks/CHAR-GRP-12-L01.png",
        "bytes": 448921,
        "url": "https://ark-acg-cn-beijing.tos-cn-beijing.volces.com/doubao-seedream-5-0/021785311379616bec3f42aa889c5b9258a8a5e9d4b8dea650260_0.jpeg?X-Tos-Algorithm=TOS4-HMAC-SHA256&X-Tos-Credential=AKLTYWJkZTExNjA1ZDUyNDc3YzhjNTM5OGIyNjBhNDcyOTQ%2F20260729%2Fcn-beijing%2Ftos%2Frequest&X-Tos-Date=20260729T075005Z&X-Tos-Expires=86400&X-Tos-Signature=75d593f114f699680411e89b0e2f787aeb0b7df0b8e983097109c696d316ab00&X-Tos-SignedHeaders=host"
      },
      "cdn_urls_json": "/Users/lei/Movies/demo1/dramas/边荒盐妇/assets/looks/cdn_urls.json",
      "id": "CHAR-GRP-12-L01",
      "output": "/Users/lei/Movies/demo1/dramas/边荒盐妇/assets/looks/CHAR-GRP-12-L01.png"
    },
    {
      "status": "ok",
      "model": "doubao-seedream-5-0-lite-260128",
      "size": "1600x2848",
      "image_url": "https://ark-acg-cn-beijing.tos-cn-beijing.volces.com/doubao-seedream-5-0/021785311408550b394694671c74cf4f2e97ee275d27a143bf798_0.jpeg?X-Tos-Algorithm=TOS4-HMAC-SHA256&X-Tos-Credential=AKLTYWJkZTExNjA1ZDUyNDc3YzhjNTM5OGIyNjBhNDcyOTQ%2F20260729%2Fcn-beijing%2Ftos%2Frequest&X-Tos-Date=20260729T075035Z&X-Tos-Expires=86400&X-Tos-Signature=ecf2311bf573b7e1f6b0d448b6c9b0f910264d38e79d982cd773654a9bc04ef2&X-Tos-SignedHeaders=host",
      "all_urls": [
        "https://ark-acg-cn-beijing.tos-cn-beijing.volces.com/doubao-seedream-5-0/021785311408550b394694671c74cf4f2e97ee275d27a143bf798_0.jpeg?X-Tos-Algorithm=TOS4-HMAC-SHA256&X-Tos-Credential=AKLTYWJkZTExNjA1ZDUyNDc3YzhjNTM5OGIyNjBhNDcyOTQ%2F20260729%2Fcn-beijing%2Ftos%2Frequest&X-Tos-Date=20260729T075035Z&X-Tos-Expires=86400&X-Tos-Signature=ecf2311bf573b7e1f6b0d448b6c9b0f910264d38e79d982cd773654a9bc04ef2&X-Tos-SignedHeaders=host"
      ],
      "response_id": 1785311435,
      "elapsed_sec": 26.92,
      "usage": {
        "generated_images": 1,
        "output_tokens": 17800,
        "total_tokens": 17800
      },
      "archive_dir": "/Users/lei/Movies/demo1/dramas/边荒盐妇/assets",
      "saved": {
        "path": "/Users/lei/Movies/demo1/dramas/边荒盐妇/assets/looks/CHAR-GRP-13-L01.png",
        "bytes": 174995,
        "url": "https://ark-acg-cn-beijing.tos-cn-beijing.volces.com/doubao-seedream-5-0/021785311408550b394694671c74cf4f2e97ee275d27a143bf798_0.jpeg?X-Tos-Algorithm=TOS4-HMAC-SHA256&X-Tos-Credential=AKLTYWJkZTExNjA1ZDUyNDc3YzhjNTM5OGIyNjBhNDcyOTQ%2F20260729%2Fcn-beijing%2Ftos%2Frequest&X-Tos-Date=20260729T075035Z&X-Tos-Expires=86400&X-Tos-Signature=ecf2311bf573b7e1f6b0d448b6c9b0f910264d38e79d982cd773654a9bc04ef2&X-Tos-SignedHeaders=host"
      },
      "cdn_urls_json": "/Users/lei/Movies/demo1/dramas/边荒盐妇/assets/looks/cdn_urls.json",
      "id": "CHAR-GRP-13-L01",
      "output": "/Users/lei/Movies/demo1/dramas/边荒盐妇/assets/looks/CHAR-GRP-13-L01.png"
    },
    {
      "status": "ok",
      "model": "doubao-seedream-5-0-lite-260128",
      "size": "1600x2848",
      "image_url": "https://ark-acg-cn-beijing.tos-cn-beijing.volces.com/doubao-seedream-5-0/02178531143786481a9193ce9f89e3456d252c7b9d01d039ec3ee_0.jpeg?X-Tos-Algorithm=TOS4-HMAC-SHA256&X-Tos-Credential=AKLTYWJkZTExNjA1ZDUyNDc3YzhjNTM5OGIyNjBhNDcyOTQ%2F20260729%2Fcn-beijing%2Ftos%2Frequest&X-Tos-Date=20260729T075124Z&X-Tos-Expires=86400&X-Tos-Signature=117c2be102d2169cd8d897c44afa29f1e4b2d402e7bdf8f7400f4fa201a30ebf&X-Tos-SignedHeaders=host",
      "all_urls": [
        "https://ark-acg-cn-beijing.tos-cn-beijing.volces.com/doubao-seedream-5-0/02178531143786481a9193ce9f89e3456d252c7b9d01d039ec3ee_0.jpeg?X-Tos-Algorithm=TOS4-HMAC-SHA256&X-Tos-Credential=AKLTYWJkZTExNjA1ZDUyNDc3YzhjNTM5OGIyNjBhNDcyOTQ%2F20260729%2Fcn-beijing%2Ftos%2Frequest&X-Tos-Date=20260729T075124Z&X-Tos-Expires=86400&X-Tos-Signature=117c2be102d2169cd8d897c44afa29f1e4b2d402e7bdf8f7400f4fa201a30ebf&X-Tos-SignedHeaders=host"
      ],
      "response_id": 1785311484,
      "elapsed_sec": 46.83,
      "usage": {
        "generated_images": 1,
        "output_tokens": 17800,
        "total_tokens": 17800
      },
      "archive_dir": "/Users/lei/Movies/demo1/dramas/边荒盐妇/assets",
      "saved": {
        "path": "/Users/lei/Movies/demo1/dramas/边荒盐妇/assets/looks/CHAR-GRP-14-L01.png",
        "bytes": 315433,
        "url": "https://ark-acg-cn-beijing.tos-cn-beijing.volces.com/doubao-seedream-5-0/02178531143786481a9193ce9f89e3456d252c7b9d01d039ec3ee_0.jpeg?X-Tos-Algorithm=TOS4-HMAC-SHA256&X-Tos-Credential=AKLTYWJkZTExNjA1ZDUyNDc3YzhjNTM5OGIyNjBhNDcyOTQ%2F20260729%2Fcn-beijing%2Ftos%2Frequest&X-Tos-Date=20260729T075124Z&X-Tos-Expires=86400&X-Tos-Signature=117c2be102d2169cd8d897c44afa29f1e4b2d402e7bdf8f7400f4fa201a30ebf&X-Tos-SignedHeaders=host"
      },
      "cdn_urls_json": "/Users/lei/Movies/demo1/dramas/边荒盐妇/assets/looks/cdn_urls.json",
      "id": "CHAR-GRP-14-L01",
      "output": "/Users/lei/Movies/demo1/dramas/边荒盐妇/assets/looks/CHAR-GRP-14-L01.png"
    },
    {
      "status": "ok",
      "model": "doubao-seedream-5-0-lite-260128",
      "size": "1600x2848",
      "image_url": "https://ark-acg-cn-beijing.tos-cn-beijing.volces.com/doubao-seedream-5-0/021785311487092b060a07fba38d5479db0751ac158bec52e9464_0.jpeg?X-Tos-Algorithm=TOS4-HMAC-SHA256&X-Tos-Credential=AKLTYWJkZTExNjA1ZDUyNDc3YzhjNTM5OGIyNjBhNDcyOTQ%2F20260729%2Fcn-beijing%2Ftos%2Frequest&X-Tos-Date=20260729T075200Z&X-Tos-Expires=86400&X-Tos-Signature=a3c2d463a8813cf16095839484815ce728a44b8b70a0bbac2b2fe6d375320590&X-Tos-SignedHeaders=host",
      "all_urls": [
        "https://ark-acg-cn-beijing.tos-cn-beijing.volces.com/doubao-seedream-5-0/021785311487092b060a07fba38d5479db0751ac158bec52e9464_0.jpeg?X-Tos-Algorithm=TOS4-HMAC-SHA256&X-Tos-Credential=AKLTYWJkZTExNjA1ZDUyNDc3YzhjNTM5OGIyNjBhNDcyOTQ%2F20260729%2Fcn-beijing%2Ftos%2Frequest&X-Tos-Date=20260729T075200Z&X-Tos-Expires=86400&X-Tos-Signature=a3c2d463a8813cf16095839484815ce728a44b8b70a0bbac2b2fe6d375320590&X-Tos-SignedHeaders=host"
      ],
      "response_id": 1785311520,
      "elapsed_sec": 34.0,
      "usage": {
        "generated_images": 1,
        "output_tokens": 17800,
        "total_tokens": 17800
      },
      "archive_dir": "/Users/lei/Movies/demo1/dramas/边荒盐妇/assets",
      "saved": {
        "path": "/Users/lei/Movies/demo1/dramas/边荒盐妇/assets/looks/CHAR-GRP-15-L01.png",
        "bytes": 384115,
        "url": "https://ark-acg-cn-beijing.tos-cn-beijing.volces.com/doubao-seedream-5-0/021785311487092b060a07fba38d5479db0751ac158bec52e9464_0.jpeg?X-Tos-Algorithm=TOS4-HMAC-SHA256&X-Tos-Credential=AKLTYWJkZTExNjA1ZDUyNDc3YzhjNTM5OGIyNjBhNDcyOTQ%2F20260729%2Fcn-beijing%2Ftos%2Frequest&X-Tos-Date=20260729T075200Z&X-Tos-Expires=86400&X-Tos-Signature=a3c2d463a8813cf16095839484815ce728a44b8b70a0bbac2b2fe6d375320590&X-Tos-SignedHeaders=host"
      },
      "cdn_urls_json": "/Users/lei/Movies/demo1/dramas/边荒盐妇/assets/looks/cdn_urls.json",
      "id": "CHAR-GRP-15-L01",
      "output": "/Users/lei/Movies/demo1/dramas/边荒盐妇/assets/looks/CHAR-GRP-15-L01.png"
    },
    {
      "status": "ok",
      "model": "doubao-seedream-5-0-lite-260128",
      "size": "1600x2848",
      "image_url": "https://ark-acg-cn-beijing.tos-cn-beijing.volces.com/doubao-seedream-5-0/021785311523672adb2c2f0c14195f56dae5a2071f84ca1b3f5aa_0.jpeg?X-Tos-Algorithm=TOS4-HMAC-SHA256&X-Tos-Credential=AKLTYWJkZTExNjA1ZDUyNDc3YzhjNTM5OGIyNjBhNDcyOTQ%2F20260729%2Fcn-beijing%2Ftos%2Frequest&X-Tos-Date=20260729T075239Z&X-Tos-Expires=86400&X-Tos-Signature=170010b01de5c3eb61ffd722b232e6d4fbdeaec9cf06a5be491d23f31d8b12a3&X-Tos-SignedHeaders=host",
      "all_urls": [
        "https://ark-acg-cn-beijing.tos-cn-beijing.volces.com/doubao-seedream-5-0/021785311523672adb2c2f0c14195f56dae5a2071f84ca1b3f5aa_0.jpeg?X-Tos-Algorithm=TOS4-HMAC-SHA256&X-Tos-Credential=AKLTYWJkZTExNjA1ZDUyNDc3YzhjNTM5OGIyNjBhNDcyOTQ%2F20260729%2Fcn-beijing%2Ftos%2Frequest&X-Tos-Date=20260729T075239Z&X-Tos-Expires=86400&X-Tos-Signature=170010b01de5c3eb61ffd722b232e6d4fbdeaec9cf06a5be491d23f31d8b12a3&X-Tos-SignedHeaders=host"
      ],
      "response_id": 1785311559,
      "elapsed_sec": 35.81,
      "usage": {
        "generated_images": 1,
        "output_tokens": 17800,
        "total_tokens": 17800
      },
      "archive_dir": "/Users/lei/Movies/demo1/dramas/边荒盐妇/assets",
      "saved": {
        "path": "/Users/lei/Movies/demo1/dramas/边荒盐妇/assets/looks/CHAR-GRP-16-L01.png",
        "bytes": 182398,
        "url": "https://ark-acg-cn-beijing.tos-cn-beijing.volces.com/doubao-seedream-5-0/021785311523672adb2c2f0c14195f56dae5a2071f84ca1b3f5aa_0.jpeg?X-Tos-Algorithm=TOS4-HMAC-SHA256&X-Tos-Credential=AKLTYWJkZTExNjA1ZDUyNDc3YzhjNTM5OGIyNjBhNDcyOTQ%2F20260729%2Fcn-beijing%2Ftos%2Frequest&X-Tos-Date=20260729T075239Z&X-Tos-Expires=86400&X-Tos-Signature=170010b01de5c3eb61ffd722b232e6d4fbdeaec9cf06a5be491d23f31d8b12a3&X-Tos-SignedHeaders=host"
      },
      "cdn_urls_json": "/Users/lei/Movies/demo1/dramas/边荒盐妇/assets/looks/cdn_urls.json",
      "id": "CHAR-GRP-16-L01",
      "output": "/Users/lei/Movies/demo1/dramas/边荒盐妇/assets/looks/CHAR-GRP-16-L01.png"
    },
    {
      "status": "ok",
      "model": "doubao-seedream-5-0-lite-260128",
      "size": "1600x2848",
      "image_url": "https://ark-acg-cn-beijing.tos-cn-beijing.volces.com/doubao-seedream-5-0/021785311561899079c2c7cb9977e283dd811033e9bb89282621e_0.jpeg?X-Tos-Algorithm=TOS4-HMAC-SHA256&X-Tos-Credential=AKLTYWJkZTExNjA1ZDUyNDc3YzhjNTM5OGIyNjBhNDcyOTQ%2F20260729%2Fcn-beijing%2Ftos%2Frequest&X-Tos-Date=20260729T075310Z&X-Tos-Expires=86400&X-Tos-Signature=895c69126f7daf286b0fdea1ef5b5a1a58c2454d77f4d51fe9bea8b12e23c811&X-Tos-SignedHeaders=host",
      "all_urls": [
        "https://ark-acg-cn-beijing.tos-cn-beijing.volces.com/doubao-seedream-5-0/021785311561899079c2c7cb9977e283dd811033e9bb89282621e_0.jpeg?X-Tos-Algorithm=TOS4-HMAC-SHA256&X-Tos-Credential=AKLTYWJkZTExNjA1ZDUyNDc3YzhjNTM5OGIyNjBhNDcyOTQ%2F20260729%2Fcn-beijing%2Ftos%2Frequest&X-Tos-Date=20260729T075310Z&X-Tos-Expires=86400&X-Tos-Signature=895c69126f7daf286b0fdea1ef5b5a1a58c2454d77f4d51fe9bea8b12e23c811&X-Tos-SignedHeaders=host"
      ],
      "response_id": 1785311590,
      "elapsed_sec": 28.23,
      "usage": {
        "generated_images": 1,
        "output_tokens": 17800,
        "total_tokens": 17800
      },
      "archive_dir": "/Users/lei/Movies/demo1/dramas/边荒盐妇/assets",
      "saved": {
        "path": "/Users/lei/Movies/demo1/dramas/边荒盐妇/assets/looks/CHAR-GRP-17-L01.png",
        "bytes": 277815,
        "url": "https://ark-acg-cn-beijing.tos-cn-beijing.volces.com/doubao-seedream-5-0/021785311561899079c2c7cb9977e283dd811033e9bb89282621e_0.jpeg?X-Tos-Algorithm=TOS4-HMAC-SHA256&X-Tos-Credential=AKLTYWJkZTExNjA1ZDUyNDc3YzhjNTM5OGIyNjBhNDcyOTQ%2F20260729%2Fcn-beijing%2Ftos%2Frequest&X-Tos-Date=20260729T075310Z&X-Tos-Expires=86400&X-Tos-Signature=895c69126f7daf286b0fdea1ef5b5a1a58c2454d77f4d51fe9bea8b12e23c811&X-Tos-SignedHeaders=host"
      },
      "cdn_urls_json": "/Users/lei/Movies/demo1/dramas/边荒盐妇/assets/looks/cdn_urls.json",
      "id": "CHAR-GRP-17-L01",
      "output": "/Users/lei/Movies/demo1/dramas/边荒盐妇/assets/looks/CHAR-GRP-17-L01.png"
    },
    {
      "status": "ok",
      "model": "doubao-seedream-5-0-lite-260128",
      "size": "1600x2848",
      "image_url": "https://ark-acg-cn-beijing.tos-cn-beijing.volces.com/doubao-seedream-5-0/0217853115933622fe137e867fcf2afae35a2a1d677bc787dc3fb_0.jpeg?X-Tos-Algorithm=TOS4-HMAC-SHA256&X-Tos-Credential=AKLTYWJkZTExNjA1ZDUyNDc3YzhjNTM5OGIyNjBhNDcyOTQ%2F20260729%2Fcn-beijing%2Ftos%2Frequest&X-Tos-Date=20260729T075352Z&X-Tos-Expires=86400&X-Tos-Signature=8643d67fbf7f9ddaa4a7df50a8fe68b08c953e7b76a2ad6cea463969f4a49b53&X-Tos-SignedHeaders=host",
      "all_urls": [
        "https://ark-acg-cn-beijing.tos-cn-beijing.volces.com/doubao-seedream-5-0/0217853115933622fe137e867fcf2afae35a2a1d677bc787dc3fb_0.jpeg?X-Tos-Algorithm=TOS4-HMAC-SHA256&X-Tos-Credential=AKLTYWJkZTExNjA1ZDUyNDc3YzhjNTM5OGIyNjBhNDcyOTQ%2F20260729%2Fcn-beijing%2Ftos%2Frequest&X-Tos-Date=20260729T075352Z&X-Tos-Expires=86400&X-Tos-Signature=8643d67fbf7f9ddaa4a7df50a8fe68b08c953e7b76a2ad6cea463969f4a49b53&X-Tos-SignedHeaders=host"
      ],
      "response_id": 1785311632,
      "elapsed_sec": 39.28,
      "usage": {
        "generated_images": 1,
        "output_tokens": 17800,
        "total_tokens": 17800
      },
      "archive_dir": "/Users/lei/Movies/demo1/dramas/边荒盐妇/assets",
      "saved": {
        "path": "/Users/lei/Movies/demo1/dramas/边荒盐妇/assets/looks/CHAR-GRP-18-L01.png",
        "bytes": 298717,
        "url": "https://ark-acg-cn-beijing.tos-cn-beijing.volces.com/doubao-seedream-5-0/0217853115933622fe137e867fcf2afae35a2a1d677bc787dc3fb_0.jpeg?X-Tos-Algorithm=TOS4-HMAC-SHA256&X-Tos-Credential=AKLTYWJkZTExNjA1ZDUyNDc3YzhjNTM5OGIyNjBhNDcyOTQ%2F20260729%2Fcn-beijing%2Ftos%2Frequest&X-Tos-Date=20260729T075352Z&X-Tos-Expires=86400&X-Tos-Signature=8643d67fbf7f9ddaa4a7df50a8fe68b08c953e7b76a2ad6cea463969f4a49b53&X-Tos-SignedHeaders=host"
      },
      "cdn_urls_json": "/Users/lei/Movies/demo1/dramas/边荒盐妇/assets/looks/cdn_urls.json",
      "id": "CHAR-GRP-18-L01",
      "output": "/Users/lei/Movies/demo1/dramas/边荒盐妇/assets/looks/CHAR-GRP-18-L01.png"
    },
    {
      "status": "ok",
      "model": "doubao-seedream-5-0-lite-260128",
      "size": "1600x2848",
      "image_url": "https://ark-acg-cn-beijing.tos-cn-beijing.volces.com/doubao-seedream-5-0/02178531163516201b355851a1bc741ec414801f8aa0ef8299458_0.jpeg?X-Tos-Algorithm=TOS4-HMAC-SHA256&X-Tos-Credential=AKLTYWJkZTExNjA1ZDUyNDc3YzhjNTM5OGIyNjBhNDcyOTQ%2F20260729%2Fcn-beijing%2Ftos%2Frequest&X-Tos-Date=20260729T075429Z&X-Tos-Expires=86400&X-Tos-Signature=5879409a3184e26eaa6ed68f5bc1d72d07ea50eda03326b039d8b1f3002fc6a2&X-Tos-SignedHeaders=host",
      "all_urls": [
        "https://ark-acg-cn-beijing.tos-cn-beijing.volces.com/doubao-seedream-5-0/02178531163516201b355851a1bc741ec414801f8aa0ef8299458_0.jpeg?X-Tos-Algorithm=TOS4-HMAC-SHA256&X-Tos-Credential=AKLTYWJkZTExNjA1ZDUyNDc3YzhjNTM5OGIyNjBhNDcyOTQ%2F20260729%2Fcn-beijing%2Ftos%2Frequest&X-Tos-Date=20260729T075429Z&X-Tos-Expires=86400&X-Tos-Signature=5879409a3184e26eaa6ed68f5bc1d72d07ea50eda03326b039d8b1f3002fc6a2&X-Tos-SignedHeaders=host"
      ],
      "response_id": 1785311669,
      "elapsed_sec": 34.43,
      "usage": {
        "generated_images": 1,
        "output_tokens": 17800,
        "total_tokens": 17800
      },
      "archive_dir": "/Users/lei/Movies/demo1/dramas/边荒盐妇/assets",
      "saved": {
        "path": "/Users/lei/Movies/demo1/dramas/边荒盐妇/assets/looks/CHAR-GRP-19-L01.png",
        "bytes": 292659,
        "url": "https://ark-acg-cn-beijing.tos-cn-beijing.volces.com/doubao-seedream-5-0/02178531163516201b355851a1bc741ec414801f8aa0ef8299458_0.jpeg?X-Tos-Algorithm=TOS4-HMAC-SHA256&X-Tos-Credential=AKLTYWJkZTExNjA1ZDUyNDc3YzhjNTM5OGIyNjBhNDcyOTQ%2F20260729%2Fcn-beijing%2Ftos%2Frequest&X-Tos-Date=20260729T075429Z&X-Tos-Expires=86400&X-Tos-Signature=5879409a3184e26eaa6ed68f5bc1d72d07ea50eda03326b039d8b1f3002fc6a2&X-Tos-SignedHeaders=host"
      },
      "cdn_urls_json": "/Users/lei/Movies/demo1/dramas/边荒盐妇/assets/looks/cdn_urls.json",
      "id": "CHAR-GRP-19-L01",
      "output": "/Users/lei/Movies/demo1/dramas/边荒盐妇/assets/looks/CHAR-GRP-19-L01.png"
    },
    {
      "status": "ok",
      "model": "doubao-seedream-5-0-lite-260128",
      "size": "1600x2848",
      "image_url": "https://ark-acg-cn-beijing.tos-cn-beijing.volces.com/doubao-seedream-5-0/021785311672048a7f4d4af3e382e8c5fe721af27b2ecdf718fbd_0.jpeg?X-Tos-Algorithm=TOS4-HMAC-SHA256&X-Tos-Credential=AKLTYWJkZTExNjA1ZDUyNDc3YzhjNTM5OGIyNjBhNDcyOTQ%2F20260729%2Fcn-beijing%2Ftos%2Frequest&X-Tos-Date=20260729T075500Z&X-Tos-Expires=86400&X-Tos-Signature=3e2ae68f6a513d38d71af9e5cbd9b05fd9bcb284f382f60e8a180949f7fa24ed&X-Tos-SignedHeaders=host",
      "all_urls": [
        "https://ark-acg-cn-beijing.tos-cn-beijing.volces.com/doubao-seedream-5-0/021785311672048a7f4d4af3e382e8c5fe721af27b2ecdf718fbd_0.jpeg?X-Tos-Algorithm=TOS4-HMAC-SHA256&X-Tos-Credential=AKLTYWJkZTExNjA1ZDUyNDc3YzhjNTM5OGIyNjBhNDcyOTQ%2F20260729%2Fcn-beijing%2Ftos%2Frequest&X-Tos-Date=20260729T075500Z&X-Tos-Expires=86400&X-Tos-Signature=3e2ae68f6a513d38d71af9e5cbd9b05fd9bcb284f382f60e8a180949f7fa24ed&X-Tos-SignedHeaders=host"
      ],
      "response_id": 1785311700,
      "elapsed_sec": 29.17,
      "usage": {
        "generated_images": 1,
        "output_tokens": 17800,
        "total_tokens": 17800
      },
      "archive_dir": "/Users/lei/Movies/demo1/dramas/边荒盐妇/assets",
      "saved": {
        "path": "/Users/lei/Movies/demo1/dramas/边荒盐妇/assets/looks/CHAR-GRP-20-L01.png",
        "bytes": 274861,
        "url": "https://ark-acg-cn-beijing.tos-cn-beijing.volces.com/doubao-seedream-5-0/021785311672048a7f4d4af3e382e8c5fe721af27b2ecdf718fbd_0.jpeg?X-Tos-Algorithm=TOS4-HMAC-SHA256&X-Tos-Credential=AKLTYWJkZTExNjA1ZDUyNDc3YzhjNTM5OGIyNjBhNDcyOTQ%2F20260729%2Fcn-beijing%2Ftos%2Frequest&X-Tos-Date=20260729T075500Z&X-Tos-Expires=86400&X-Tos-Signature=3e2ae68f6a513d38d71af9e5cbd9b05fd9bcb284f382f60e8a180949f7fa24ed&X-Tos-SignedHeaders=host"
      },
      "cdn_urls_json": "/Users/lei/Movies/demo1/dramas/边荒盐妇/assets/looks/cdn_urls.json",
      "id": "CHAR-GRP-20-L01",
      "output": "/Users/lei/Movies/demo1/dramas/边荒盐妇/assets/looks/CHAR-GRP-20-L01.png"
    }
  ]
}
