{
  "ok": 10,
  "fail": 0,
  "skip": 0,
  "blocked": 0,
  "yaml": "/Users/lei/Movies/demo1/dramas/边荒盐妇/assets/seedream_batch_characters_B.yaml",
  "items": [
    {
      "status": "ok",
      "model": "doubao-seedream-5-0-lite-260128",
      "size": "1600x2848",
      "image_url": "https://ark-acg-cn-beijing.tos-cn-beijing.volces.com/doubao-seedream-5-0/02178531225995201b355851a1bc741ec414801f8aa0ef891ab10_0.jpeg?X-Tos-Algorithm=TOS4-HMAC-SHA256&X-Tos-Credential=AKLTYWJkZTExNjA1ZDUyNDc3YzhjNTM5OGIyNjBhNDcyOTQ%2F20260729%2Fcn-beijing%2Ftos%2Frequest&X-Tos-Date=20260729T080455Z&X-Tos-Expires=86400&X-Tos-Signature=5b2f9853435fe17d7dbf3a15e44b7cc5572abfb64b57bd823de2bac791567e40&X-Tos-SignedHeaders=host",
      "all_urls": [
        "https://ark-acg-cn-beijing.tos-cn-beijing.volces.com/doubao-seedream-5-0/02178531225995201b355851a1bc741ec414801f8aa0ef891ab10_0.jpeg?X-Tos-Algorithm=TOS4-HMAC-SHA256&X-Tos-Credential=AKLTYWJkZTExNjA1ZDUyNDc3YzhjNTM5OGIyNjBhNDcyOTQ%2F20260729%2Fcn-beijing%2Ftos%2Frequest&X-Tos-Date=20260729T080455Z&X-Tos-Expires=86400&X-Tos-Signature=5b2f9853435fe17d7dbf3a15e44b7cc5572abfb64b57bd823de2bac791567e40&X-Tos-SignedHeaders=host"
      ],
      "response_id": 1785312295,
      "elapsed_sec": 35.86,
      "usage": {
        "generated_images": 1,
        "output_tokens": 17800,
        "total_tokens": 17800
      },
      "archive_dir": "/Users/lei/Movies/demo1/dramas/边荒盐妇/assets",
      "saved": {
        "path": "/Users/lei/Movies/demo1/dramas/边荒盐妇/assets/looks/CHAR-001-L02.png",
        "bytes": 338756,
        "url": "https://ark-acg-cn-beijing.tos-cn-beijing.volces.com/doubao-seedream-5-0/02178531225995201b355851a1bc741ec414801f8aa0ef891ab10_0.jpeg?X-Tos-Algorithm=TOS4-HMAC-SHA256&X-Tos-Credential=AKLTYWJkZTExNjA1ZDUyNDc3YzhjNTM5OGIyNjBhNDcyOTQ%2F20260729%2Fcn-beijing%2Ftos%2Frequest&X-Tos-Date=20260729T080455Z&X-Tos-Expires=86400&X-Tos-Signature=5b2f9853435fe17d7dbf3a15e44b7cc5572abfb64b57bd823de2bac791567e40&X-Tos-SignedHeaders=host"
      },
      "cdn_urls_json": "/Users/lei/Movies/demo1/dramas/边荒盐妇/assets/looks/cdn_urls.json",
      "id": "CHAR-001-L02",
      "output": "/Users/lei/Movies/demo1/dramas/边荒盐妇/assets/looks/CHAR-001-L02.png"
    },
    {
      "status": "ok",
      "model": "doubao-seedream-5-0-lite-260128",
      "size": "1600x2848",
      "image_url": "https://ark-acg-cn-beijing.tos-cn-beijing.volces.com/doubao-seedream-5-0/02178531229831981a9193ce9f89e3456d252c7b9d01d03a5c851_0.jpeg?X-Tos-Algorithm=TOS4-HMAC-SHA256&X-Tos-Credential=AKLTYWJkZTExNjA1ZDUyNDc3YzhjNTM5OGIyNjBhNDcyOTQ%2F20260729%2Fcn-beijing%2Ftos%2Frequest&X-Tos-Date=20260729T080537Z&X-Tos-Expires=86400&X-Tos-Signature=05eaf4eea990a60d08e368f59f16eb7da5707deb0a143eebc12a8c3ac26d540d&X-Tos-SignedHeaders=host",
      "all_urls": [
        "https://ark-acg-cn-beijing.tos-cn-beijing.volces.com/doubao-seedream-5-0/02178531229831981a9193ce9f89e3456d252c7b9d01d03a5c851_0.jpeg?X-Tos-Algorithm=TOS4-HMAC-SHA256&X-Tos-Credential=AKLTYWJkZTExNjA1ZDUyNDc3YzhjNTM5OGIyNjBhNDcyOTQ%2F20260729%2Fcn-beijing%2Ftos%2Frequest&X-Tos-Date=20260729T080537Z&X-Tos-Expires=86400&X-Tos-Signature=05eaf4eea990a60d08e368f59f16eb7da5707deb0a143eebc12a8c3ac26d540d&X-Tos-SignedHeaders=host"
      ],
      "response_id": 1785312337,
      "elapsed_sec": 39.68,
      "usage": {
        "generated_images": 1,
        "output_tokens": 17800,
        "total_tokens": 17800
      },
      "archive_dir": "/Users/lei/Movies/demo1/dramas/边荒盐妇/assets",
      "saved": {
        "path": "/Users/lei/Movies/demo1/dramas/边荒盐妇/assets/looks/CHAR-001-L03.png",
        "bytes": 313849,
        "url": "https://ark-acg-cn-beijing.tos-cn-beijing.volces.com/doubao-seedream-5-0/02178531229831981a9193ce9f89e3456d252c7b9d01d03a5c851_0.jpeg?X-Tos-Algorithm=TOS4-HMAC-SHA256&X-Tos-Credential=AKLTYWJkZTExNjA1ZDUyNDc3YzhjNTM5OGIyNjBhNDcyOTQ%2F20260729%2Fcn-beijing%2Ftos%2Frequest&X-Tos-Date=20260729T080537Z&X-Tos-Expires=86400&X-Tos-Signature=05eaf4eea990a60d08e368f59f16eb7da5707deb0a143eebc12a8c3ac26d540d&X-Tos-SignedHeaders=host"
      },
      "cdn_urls_json": "/Users/lei/Movies/demo1/dramas/边荒盐妇/assets/looks/cdn_urls.json",
      "id": "CHAR-001-L03",
      "output": "/Users/lei/Movies/demo1/dramas/边荒盐妇/assets/looks/CHAR-001-L03.png"
    },
    {
      "status": "ok",
      "model": "doubao-seedream-5-0-lite-260128",
      "size": "1600x2848",
      "image_url": "https://ark-acg-cn-beijing.tos-cn-beijing.volces.com/doubao-seedream-5-0/021785312340383079c2c7cb9977e283dd811033e9bb8921bc04c_0.jpeg?X-Tos-Algorithm=TOS4-HMAC-SHA256&X-Tos-Credential=AKLTYWJkZTExNjA1ZDUyNDc3YzhjNTM5OGIyNjBhNDcyOTQ%2F20260729%2Fcn-beijing%2Ftos%2Frequest&X-Tos-Date=20260729T080614Z&X-Tos-Expires=86400&X-Tos-Signature=81dc4f02d242bb7f172e98b99dfa9c7ca217e936f2a11e4fcb37b3900c3b3a49&X-Tos-SignedHeaders=host",
      "all_urls": [
        "https://ark-acg-cn-beijing.tos-cn-beijing.volces.com/doubao-seedream-5-0/021785312340383079c2c7cb9977e283dd811033e9bb8921bc04c_0.jpeg?X-Tos-Algorithm=TOS4-HMAC-SHA256&X-Tos-Credential=AKLTYWJkZTExNjA1ZDUyNDc3YzhjNTM5OGIyNjBhNDcyOTQ%2F20260729%2Fcn-beijing%2Ftos%2Frequest&X-Tos-Date=20260729T080614Z&X-Tos-Expires=86400&X-Tos-Signature=81dc4f02d242bb7f172e98b99dfa9c7ca217e936f2a11e4fcb37b3900c3b3a49&X-Tos-SignedHeaders=host"
      ],
      "response_id": 1785312374,
      "elapsed_sec": 34.68,
      "usage": {
        "generated_images": 1,
        "output_tokens": 17800,
        "total_tokens": 17800
      },
      "archive_dir": "/Users/lei/Movies/demo1/dramas/边荒盐妇/assets",
      "saved": {
        "path": "/Users/lei/Movies/demo1/dramas/边荒盐妇/assets/looks/CHAR-002-L02.png",
        "bytes": 269257,
        "url": "https://ark-acg-cn-beijing.tos-cn-beijing.volces.com/doubao-seedream-5-0/021785312340383079c2c7cb9977e283dd811033e9bb8921bc04c_0.jpeg?X-Tos-Algorithm=TOS4-HMAC-SHA256&X-Tos-Credential=AKLTYWJkZTExNjA1ZDUyNDc3YzhjNTM5OGIyNjBhNDcyOTQ%2F20260729%2Fcn-beijing%2Ftos%2Frequest&X-Tos-Date=20260729T080614Z&X-Tos-Expires=86400&X-Tos-Signature=81dc4f02d242bb7f172e98b99dfa9c7ca217e936f2a11e4fcb37b3900c3b3a49&X-Tos-SignedHeaders=host"
      },
      "cdn_urls_json": "/Users/lei/Movies/demo1/dramas/边荒盐妇/assets/looks/cdn_urls.json",
      "id": "CHAR-002-L02",
      "output": "/Users/lei/Movies/demo1/dramas/边荒盐妇/assets/looks/CHAR-002-L02.png"
    },
    {
      "status": "ok",
      "model": "doubao-seedream-5-0-lite-260128",
      "size": "1600x2848",
      "image_url": "https://ark-acg-cn-beijing.tos-cn-beijing.volces.com/doubao-seedream-5-0/02178531237762742e276d595e9cfc376ad966d4ec21246cce76b_0.jpeg?X-Tos-Algorithm=TOS4-HMAC-SHA256&X-Tos-Credential=AKLTYWJkZTExNjA1ZDUyNDc3YzhjNTM5OGIyNjBhNDcyOTQ%2F20260729%2Fcn-beijing%2Ftos%2Frequest&X-Tos-Date=20260729T080656Z&X-Tos-Expires=86400&X-Tos-Signature=a15e15162ee192693456de06d56d0e533aceaffaeefac4b64c6ad00f97760338&X-Tos-SignedHeaders=host",
      "all_urls": [
        "https://ark-acg-cn-beijing.tos-cn-beijing.volces.com/doubao-seedream-5-0/02178531237762742e276d595e9cfc376ad966d4ec21246cce76b_0.jpeg?X-Tos-Algorithm=TOS4-HMAC-SHA256&X-Tos-Credential=AKLTYWJkZTExNjA1ZDUyNDc3YzhjNTM5OGIyNjBhNDcyOTQ%2F20260729%2Fcn-beijing%2Ftos%2Frequest&X-Tos-Date=20260729T080656Z&X-Tos-Expires=86400&X-Tos-Signature=a15e15162ee192693456de06d56d0e533aceaffaeefac4b64c6ad00f97760338&X-Tos-SignedHeaders=host"
      ],
      "response_id": 1785312416,
      "elapsed_sec": 39.17,
      "usage": {
        "generated_images": 1,
        "output_tokens": 17800,
        "total_tokens": 17800
      },
      "archive_dir": "/Users/lei/Movies/demo1/dramas/边荒盐妇/assets",
      "saved": {
        "path": "/Users/lei/Movies/demo1/dramas/边荒盐妇/assets/looks/CHAR-004-L02.png",
        "bytes": 263352,
        "url": "https://ark-acg-cn-beijing.tos-cn-beijing.volces.com/doubao-seedream-5-0/02178531237762742e276d595e9cfc376ad966d4ec21246cce76b_0.jpeg?X-Tos-Algorithm=TOS4-HMAC-SHA256&X-Tos-Credential=AKLTYWJkZTExNjA1ZDUyNDc3YzhjNTM5OGIyNjBhNDcyOTQ%2F20260729%2Fcn-beijing%2Ftos%2Frequest&X-Tos-Date=20260729T080656Z&X-Tos-Expires=86400&X-Tos-Signature=a15e15162ee192693456de06d56d0e533aceaffaeefac4b64c6ad00f97760338&X-Tos-SignedHeaders=host"
      },
      "cdn_urls_json": "/Users/lei/Movies/demo1/dramas/边荒盐妇/assets/looks/cdn_urls.json",
      "id": "CHAR-004-L02",
      "output": "/Users/lei/Movies/demo1/dramas/边荒盐妇/assets/looks/CHAR-004-L02.png"
    },
    {
      "status": "ok",
      "model": "doubao-seedream-5-0-lite-260128",
      "size": "1600x2848",
      "image_url": "https://ark-acg-cn-beijing.tos-cn-beijing.volces.com/doubao-seedream-5-0/021785312419456b060a07fba38d5479db0751ac158bec53ec1d0_0.jpeg?X-Tos-Algorithm=TOS4-HMAC-SHA256&X-Tos-Credential=AKLTYWJkZTExNjA1ZDUyNDc3YzhjNTM5OGIyNjBhNDcyOTQ%2F20260729%2Fcn-beijing%2Ftos%2Frequest&X-Tos-Date=20260729T080729Z&X-Tos-Expires=86400&X-Tos-Signature=617e3b6defcc1733cb088b1846d15986c5e1c287ac22f8b3efbb0ee9f9aff15c&X-Tos-SignedHeaders=host",
      "all_urls": [
        "https://ark-acg-cn-beijing.tos-cn-beijing.volces.com/doubao-seedream-5-0/021785312419456b060a07fba38d5479db0751ac158bec53ec1d0_0.jpeg?X-Tos-Algorithm=TOS4-HMAC-SHA256&X-Tos-Credential=AKLTYWJkZTExNjA1ZDUyNDc3YzhjNTM5OGIyNjBhNDcyOTQ%2F20260729%2Fcn-beijing%2Ftos%2Frequest&X-Tos-Date=20260729T080729Z&X-Tos-Expires=86400&X-Tos-Signature=617e3b6defcc1733cb088b1846d15986c5e1c287ac22f8b3efbb0ee9f9aff15c&X-Tos-SignedHeaders=host"
      ],
      "response_id": 1785312449,
      "elapsed_sec": 30.19,
      "usage": {
        "generated_images": 1,
        "output_tokens": 17800,
        "total_tokens": 17800
      },
      "archive_dir": "/Users/lei/Movies/demo1/dramas/边荒盐妇/assets",
      "saved": {
        "path": "/Users/lei/Movies/demo1/dramas/边荒盐妇/assets/looks/CHAR-005-L02.png",
        "bytes": 263081,
        "url": "https://ark-acg-cn-beijing.tos-cn-beijing.volces.com/doubao-seedream-5-0/021785312419456b060a07fba38d5479db0751ac158bec53ec1d0_0.jpeg?X-Tos-Algorithm=TOS4-HMAC-SHA256&X-Tos-Credential=AKLTYWJkZTExNjA1ZDUyNDc3YzhjNTM5OGIyNjBhNDcyOTQ%2F20260729%2Fcn-beijing%2Ftos%2Frequest&X-Tos-Date=20260729T080729Z&X-Tos-Expires=86400&X-Tos-Signature=617e3b6defcc1733cb088b1846d15986c5e1c287ac22f8b3efbb0ee9f9aff15c&X-Tos-SignedHeaders=host"
      },
      "cdn_urls_json": "/Users/lei/Movies/demo1/dramas/边荒盐妇/assets/looks/cdn_urls.json",
      "id": "CHAR-005-L02",
      "output": "/Users/lei/Movies/demo1/dramas/边荒盐妇/assets/looks/CHAR-005-L02.png"
    },
    {
      "status": "ok",
      "model": "doubao-seedream-5-0-lite-260128",
      "size": "1600x2848",
      "image_url": "https://ark-acg-cn-beijing.tos-cn-beijing.volces.com/doubao-seedream-5-0/02178531245204667b4ef5ba44a9620b39cdc0042b313b3838c86_0.jpeg?X-Tos-Algorithm=TOS4-HMAC-SHA256&X-Tos-Credential=AKLTYWJkZTExNjA1ZDUyNDc3YzhjNTM5OGIyNjBhNDcyOTQ%2F20260729%2Fcn-beijing%2Ftos%2Frequest&X-Tos-Date=20260729T080814Z&X-Tos-Expires=86400&X-Tos-Signature=47aa8da266d86a6079e2cf4db42feab865f76f6036ac5728d7e9baba4e62170a&X-Tos-SignedHeaders=host",
      "all_urls": [
        "https://ark-acg-cn-beijing.tos-cn-beijing.volces.com/doubao-seedream-5-0/02178531245204667b4ef5ba44a9620b39cdc0042b313b3838c86_0.jpeg?X-Tos-Algorithm=TOS4-HMAC-SHA256&X-Tos-Credential=AKLTYWJkZTExNjA1ZDUyNDc3YzhjNTM5OGIyNjBhNDcyOTQ%2F20260729%2Fcn-beijing%2Ftos%2Frequest&X-Tos-Date=20260729T080814Z&X-Tos-Expires=86400&X-Tos-Signature=47aa8da266d86a6079e2cf4db42feab865f76f6036ac5728d7e9baba4e62170a&X-Tos-SignedHeaders=host"
      ],
      "response_id": 1785312494,
      "elapsed_sec": 42.34,
      "usage": {
        "generated_images": 1,
        "output_tokens": 17800,
        "total_tokens": 17800
      },
      "archive_dir": "/Users/lei/Movies/demo1/dramas/边荒盐妇/assets",
      "saved": {
        "path": "/Users/lei/Movies/demo1/dramas/边荒盐妇/assets/looks/CHAR-006-L02.png",
        "bytes": 315152,
        "url": "https://ark-acg-cn-beijing.tos-cn-beijing.volces.com/doubao-seedream-5-0/02178531245204667b4ef5ba44a9620b39cdc0042b313b3838c86_0.jpeg?X-Tos-Algorithm=TOS4-HMAC-SHA256&X-Tos-Credential=AKLTYWJkZTExNjA1ZDUyNDc3YzhjNTM5OGIyNjBhNDcyOTQ%2F20260729%2Fcn-beijing%2Ftos%2Frequest&X-Tos-Date=20260729T080814Z&X-Tos-Expires=86400&X-Tos-Signature=47aa8da266d86a6079e2cf4db42feab865f76f6036ac5728d7e9baba4e62170a&X-Tos-SignedHeaders=host"
      },
      "cdn_urls_json": "/Users/lei/Movies/demo1/dramas/边荒盐妇/assets/looks/cdn_urls.json",
      "id": "CHAR-006-L02",
      "output": "/Users/lei/Movies/demo1/dramas/边荒盐妇/assets/looks/CHAR-006-L02.png"
    },
    {
      "status": "ok",
      "model": "doubao-seedream-5-0-lite-260128",
      "size": "1600x2848",
      "image_url": "https://ark-acg-cn-beijing.tos-cn-beijing.volces.com/doubao-seedream-5-0/021785312497085a7f4d4af3e382e8c5fe721af27b2ecdf11c65a_0.jpeg?X-Tos-Algorithm=TOS4-HMAC-SHA256&X-Tos-Credential=AKLTYWJkZTExNjA1ZDUyNDc3YzhjNTM5OGIyNjBhNDcyOTQ%2F20260729%2Fcn-beijing%2Ftos%2Frequest&X-Tos-Date=20260729T080857Z&X-Tos-Expires=86400&X-Tos-Signature=be67aa7d3741f9f6e9dc2fe298dfca020158c9dbb5654aee1499c6fc2cff30f2&X-Tos-SignedHeaders=host",
      "all_urls": [
        "https://ark-acg-cn-beijing.tos-cn-beijing.volces.com/doubao-seedream-5-0/021785312497085a7f4d4af3e382e8c5fe721af27b2ecdf11c65a_0.jpeg?X-Tos-Algorithm=TOS4-HMAC-SHA256&X-Tos-Credential=AKLTYWJkZTExNjA1ZDUyNDc3YzhjNTM5OGIyNjBhNDcyOTQ%2F20260729%2Fcn-beijing%2Ftos%2Frequest&X-Tos-Date=20260729T080857Z&X-Tos-Expires=86400&X-Tos-Signature=be67aa7d3741f9f6e9dc2fe298dfca020158c9dbb5654aee1499c6fc2cff30f2&X-Tos-SignedHeaders=host"
      ],
      "response_id": 1785312537,
      "elapsed_sec": 40.36,
      "usage": {
        "generated_images": 1,
        "output_tokens": 17800,
        "total_tokens": 17800
      },
      "archive_dir": "/Users/lei/Movies/demo1/dramas/边荒盐妇/assets",
      "saved": {
        "path": "/Users/lei/Movies/demo1/dramas/边荒盐妇/assets/looks/CHAR-007-L02.png",
        "bytes": 300889,
        "url": "https://ark-acg-cn-beijing.tos-cn-beijing.volces.com/doubao-seedream-5-0/021785312497085a7f4d4af3e382e8c5fe721af27b2ecdf11c65a_0.jpeg?X-Tos-Algorithm=TOS4-HMAC-SHA256&X-Tos-Credential=AKLTYWJkZTExNjA1ZDUyNDc3YzhjNTM5OGIyNjBhNDcyOTQ%2F20260729%2Fcn-beijing%2Ftos%2Frequest&X-Tos-Date=20260729T080857Z&X-Tos-Expires=86400&X-Tos-Signature=be67aa7d3741f9f6e9dc2fe298dfca020158c9dbb5654aee1499c6fc2cff30f2&X-Tos-SignedHeaders=host"
      },
      "cdn_urls_json": "/Users/lei/Movies/demo1/dramas/边荒盐妇/assets/looks/cdn_urls.json",
      "id": "CHAR-007-L02",
      "output": "/Users/lei/Movies/demo1/dramas/边荒盐妇/assets/looks/CHAR-007-L02.png"
    },
    {
      "status": "ok",
      "model": "doubao-seedream-5-0-lite-260128",
      "size": "1600x2848",
      "image_url": "https://ark-acg-cn-beijing.tos-cn-beijing.volces.com/doubao-seedream-5-0/02178531254016786f296e4c58ddf650991f54d763d292aa9cf04_0.jpeg?X-Tos-Algorithm=TOS4-HMAC-SHA256&X-Tos-Credential=AKLTYWJkZTExNjA1ZDUyNDc3YzhjNTM5OGIyNjBhNDcyOTQ%2F20260729%2Fcn-beijing%2Ftos%2Frequest&X-Tos-Date=20260729T080934Z&X-Tos-Expires=86400&X-Tos-Signature=04b16df65f23b7195ba06a7b5a43aceae5d256eac2bc5c50c18ce8764212a024&X-Tos-SignedHeaders=host",
      "all_urls": [
        "https://ark-acg-cn-beijing.tos-cn-beijing.volces.com/doubao-seedream-5-0/02178531254016786f296e4c58ddf650991f54d763d292aa9cf04_0.jpeg?X-Tos-Algorithm=TOS4-HMAC-SHA256&X-Tos-Credential=AKLTYWJkZTExNjA1ZDUyNDc3YzhjNTM5OGIyNjBhNDcyOTQ%2F20260729%2Fcn-beijing%2Ftos%2Frequest&X-Tos-Date=20260729T080934Z&X-Tos-Expires=86400&X-Tos-Signature=04b16df65f23b7195ba06a7b5a43aceae5d256eac2bc5c50c18ce8764212a024&X-Tos-SignedHeaders=host"
      ],
      "response_id": 1785312574,
      "elapsed_sec": 34.75,
      "usage": {
        "generated_images": 1,
        "output_tokens": 17800,
        "total_tokens": 17800
      },
      "archive_dir": "/Users/lei/Movies/demo1/dramas/边荒盐妇/assets",
      "saved": {
        "path": "/Users/lei/Movies/demo1/dramas/边荒盐妇/assets/looks/CHAR-008-L02.png",
        "bytes": 311208,
        "url": "https://ark-acg-cn-beijing.tos-cn-beijing.volces.com/doubao-seedream-5-0/02178531254016786f296e4c58ddf650991f54d763d292aa9cf04_0.jpeg?X-Tos-Algorithm=TOS4-HMAC-SHA256&X-Tos-Credential=AKLTYWJkZTExNjA1ZDUyNDc3YzhjNTM5OGIyNjBhNDcyOTQ%2F20260729%2Fcn-beijing%2Ftos%2Frequest&X-Tos-Date=20260729T080934Z&X-Tos-Expires=86400&X-Tos-Signature=04b16df65f23b7195ba06a7b5a43aceae5d256eac2bc5c50c18ce8764212a024&X-Tos-SignedHeaders=host"
      },
      "cdn_urls_json": "/Users/lei/Movies/demo1/dramas/边荒盐妇/assets/looks/cdn_urls.json",
      "id": "CHAR-008-L02",
      "output": "/Users/lei/Movies/demo1/dramas/边荒盐妇/assets/looks/CHAR-008-L02.png"
    },
    {
      "status": "ok",
      "model": "doubao-seedream-5-0-lite-260128",
      "size": "1600x2848",
      "image_url": "https://ark-acg-cn-beijing.tos-cn-beijing.volces.com/doubao-seedream-5-0/021785312577861bec3f42aa889c5b9258a8a5e9d4b8deac6ef6b_0.jpeg?X-Tos-Algorithm=TOS4-HMAC-SHA256&X-Tos-Credential=AKLTYWJkZTExNjA1ZDUyNDc3YzhjNTM5OGIyNjBhNDcyOTQ%2F20260729%2Fcn-beijing%2Ftos%2Frequest&X-Tos-Date=20260729T081012Z&X-Tos-Expires=86400&X-Tos-Signature=631573f7d1aba6bc52b5d255102aaec5824e8a3b671667f2a1a11bb4f832b110&X-Tos-SignedHeaders=host",
      "all_urls": [
        "https://ark-acg-cn-beijing.tos-cn-beijing.volces.com/doubao-seedream-5-0/021785312577861bec3f42aa889c5b9258a8a5e9d4b8deac6ef6b_0.jpeg?X-Tos-Algorithm=TOS4-HMAC-SHA256&X-Tos-Credential=AKLTYWJkZTExNjA1ZDUyNDc3YzhjNTM5OGIyNjBhNDcyOTQ%2F20260729%2Fcn-beijing%2Ftos%2Frequest&X-Tos-Date=20260729T081012Z&X-Tos-Expires=86400&X-Tos-Signature=631573f7d1aba6bc52b5d255102aaec5824e8a3b671667f2a1a11bb4f832b110&X-Tos-SignedHeaders=host"
      ],
      "response_id": 1785312612,
      "elapsed_sec": 34.72,
      "usage": {
        "generated_images": 1,
        "output_tokens": 17800,
        "total_tokens": 17800
      },
      "archive_dir": "/Users/lei/Movies/demo1/dramas/边荒盐妇/assets",
      "saved": {
        "path": "/Users/lei/Movies/demo1/dramas/边荒盐妇/assets/looks/CHAR-GRP-21-L01.png",
        "bytes": 211090,
        "url": "https://ark-acg-cn-beijing.tos-cn-beijing.volces.com/doubao-seedream-5-0/021785312577861bec3f42aa889c5b9258a8a5e9d4b8deac6ef6b_0.jpeg?X-Tos-Algorithm=TOS4-HMAC-SHA256&X-Tos-Credential=AKLTYWJkZTExNjA1ZDUyNDc3YzhjNTM5OGIyNjBhNDcyOTQ%2F20260729%2Fcn-beijing%2Ftos%2Frequest&X-Tos-Date=20260729T081012Z&X-Tos-Expires=86400&X-Tos-Signature=631573f7d1aba6bc52b5d255102aaec5824e8a3b671667f2a1a11bb4f832b110&X-Tos-SignedHeaders=host"
      },
      "cdn_urls_json": "/Users/lei/Movies/demo1/dramas/边荒盐妇/assets/looks/cdn_urls.json",
      "id": "CHAR-GRP-21-L01",
      "output": "/Users/lei/Movies/demo1/dramas/边荒盐妇/assets/looks/CHAR-GRP-21-L01.png"
    },
    {
      "status": "ok",
      "model": "doubao-seedream-5-0-lite-260128",
      "size": "1600x2848",
      "image_url": "https://ark-acg-cn-beijing.tos-cn-beijing.volces.com/doubao-seedream-5-0/0217853126150662e04e38e7721c264a1a6c60a399a3e0477978f_0.jpeg?X-Tos-Algorithm=TOS4-HMAC-SHA256&X-Tos-Credential=AKLTYWJkZTExNjA1ZDUyNDc3YzhjNTM5OGIyNjBhNDcyOTQ%2F20260729%2Fcn-beijing%2Ftos%2Frequest&X-Tos-Date=20260729T081049Z&X-Tos-Expires=86400&X-Tos-Signature=be1dbd3dce66f0ead9c3393fd5e543055588a5d9b41f4abb15d8ede631dc40c6&X-Tos-SignedHeaders=host",
      "all_urls": [
        "https://ark-acg-cn-beijing.tos-cn-beijing.volces.com/doubao-seedream-5-0/0217853126150662e04e38e7721c264a1a6c60a399a3e0477978f_0.jpeg?X-Tos-Algorithm=TOS4-HMAC-SHA256&X-Tos-Credential=AKLTYWJkZTExNjA1ZDUyNDc3YzhjNTM5OGIyNjBhNDcyOTQ%2F20260729%2Fcn-beijing%2Ftos%2Frequest&X-Tos-Date=20260729T081049Z&X-Tos-Expires=86400&X-Tos-Signature=be1dbd3dce66f0ead9c3393fd5e543055588a5d9b41f4abb15d8ede631dc40c6&X-Tos-SignedHeaders=host"
      ],
      "response_id": 1785312649,
      "elapsed_sec": 34.4,
      "usage": {
        "generated_images": 1,
        "output_tokens": 17800,
        "total_tokens": 17800
      },
      "archive_dir": "/Users/lei/Movies/demo1/dramas/边荒盐妇/assets",
      "saved": {
        "path": "/Users/lei/Movies/demo1/dramas/边荒盐妇/assets/looks/CHAR-GRP-22-L01.png",
        "bytes": 290301,
        "url": "https://ark-acg-cn-beijing.tos-cn-beijing.volces.com/doubao-seedream-5-0/0217853126150662e04e38e7721c264a1a6c60a399a3e0477978f_0.jpeg?X-Tos-Algorithm=TOS4-HMAC-SHA256&X-Tos-Credential=AKLTYWJkZTExNjA1ZDUyNDc3YzhjNTM5OGIyNjBhNDcyOTQ%2F20260729%2Fcn-beijing%2Ftos%2Frequest&X-Tos-Date=20260729T081049Z&X-Tos-Expires=86400&X-Tos-Signature=be1dbd3dce66f0ead9c3393fd5e543055588a5d9b41f4abb15d8ede631dc40c6&X-Tos-SignedHeaders=host"
      },
      "cdn_urls_json": "/Users/lei/Movies/demo1/dramas/边荒盐妇/assets/looks/cdn_urls.json",
      "id": "CHAR-GRP-22-L01",
      "output": "/Users/lei/Movies/demo1/dramas/边荒盐妇/assets/looks/CHAR-GRP-22-L01.png"
    }
  ]
}
